Archive member included to satisfy reference by file (symbol)

c:/program files (x86)/atmel/studio/7.0/toolchain/avr8/avr8-gnu-toolchain/bin/../lib/gcc/avr/5.4.0/../../../../avr/lib/avr5\libm.a(addsf3.o)
                              MorphConfigurations/MorphConfigATmega328-28dip.o (__subsf3)
c:/program files (x86)/atmel/studio/7.0/toolchain/avr8/avr8-gnu-toolchain/bin/../lib/gcc/avr/5.4.0/../../../../avr/lib/avr5\libm.a(addsf3x.o)
                              c:/program files (x86)/atmel/studio/7.0/toolchain/avr8/avr8-gnu-toolchain/bin/../lib/gcc/avr/5.4.0/../../../../avr/lib/avr5\libm.a(addsf3.o) (__addsf3x)
c:/program files (x86)/atmel/studio/7.0/toolchain/avr8/avr8-gnu-toolchain/bin/../lib/gcc/avr/5.4.0/../../../../avr/lib/avr5\libm.a(cmpsf2.o)
                              MorphConfigurations/MorphConfigATmega328-28dip.o (__ltsf2)
c:/program files (x86)/atmel/studio/7.0/toolchain/avr8/avr8-gnu-toolchain/bin/../lib/gcc/avr/5.4.0/../../../../avr/lib/avr5\libm.a(cos.o)
                              main.o (cos)
c:/program files (x86)/atmel/studio/7.0/toolchain/avr8/avr8-gnu-toolchain/bin/../lib/gcc/avr/5.4.0/../../../../avr/lib/avr5\libm.a(divsf3.o)
                              main.o (__divsf3)
c:/program files (x86)/atmel/studio/7.0/toolchain/avr8/avr8-gnu-toolchain/bin/../lib/gcc/avr/5.4.0/../../../../avr/lib/avr5\libm.a(divsf3x.o)
                              c:/program files (x86)/atmel/studio/7.0/toolchain/avr8/avr8-gnu-toolchain/bin/../lib/gcc/avr/5.4.0/../../../../avr/lib/avr5\libm.a(divsf3.o) (__divsf3x)
c:/program files (x86)/atmel/studio/7.0/toolchain/avr8/avr8-gnu-toolchain/bin/../lib/gcc/avr/5.4.0/../../../../avr/lib/avr5\libm.a(fixsfdi.o)
                              MorphConfigurations/MorphConfigATmega328-28dip.o (__fixunssfdi)
c:/program files (x86)/atmel/studio/7.0/toolchain/avr8/avr8-gnu-toolchain/bin/../lib/gcc/avr/5.4.0/../../../../avr/lib/avr5\libm.a(fixunssfsi.o)
                              MorphConfigurations/MorphConfigATmega328-28dip.o (__fixunssfsi)
c:/program files (x86)/atmel/studio/7.0/toolchain/avr8/avr8-gnu-toolchain/bin/../lib/gcc/avr/5.4.0/../../../../avr/lib/avr5\libm.a(floatdisf.o)
                              main.o (__floatdisf)
c:/program files (x86)/atmel/studio/7.0/toolchain/avr8/avr8-gnu-toolchain/bin/../lib/gcc/avr/5.4.0/../../../../avr/lib/avr5\libm.a(floatsisf.o)
                              MorphConfigurations/MorphConfigATmega328-28dip.o (__floatunsisf)
c:/program files (x86)/atmel/studio/7.0/toolchain/avr8/avr8-gnu-toolchain/bin/../lib/gcc/avr/5.4.0/../../../../avr/lib/avr5\libm.a(floatundisf.o)
                              MorphConfigurations/MorphConfigATmega328-28dip.o (__floatundisf)
c:/program files (x86)/atmel/studio/7.0/toolchain/avr8/avr8-gnu-toolchain/bin/../lib/gcc/avr/5.4.0/../../../../avr/lib/avr5\libm.a(fmax.o)
                              MorphConfigurations/MorphConfigATmega328-28dip.o (fmax)
c:/program files (x86)/atmel/studio/7.0/toolchain/avr8/avr8-gnu-toolchain/bin/../lib/gcc/avr/5.4.0/../../../../avr/lib/avr5\libm.a(fmin.o)
                              MorphConfigurations/MorphConfigATmega328-28dip.o (fmin)
c:/program files (x86)/atmel/studio/7.0/toolchain/avr8/avr8-gnu-toolchain/bin/../lib/gcc/avr/5.4.0/../../../../avr/lib/avr5\libm.a(fp_cmp.o)
                              c:/program files (x86)/atmel/studio/7.0/toolchain/avr8/avr8-gnu-toolchain/bin/../lib/gcc/avr/5.4.0/../../../../avr/lib/avr5\libm.a(cmpsf2.o) (__fp_cmp)
c:/program files (x86)/atmel/studio/7.0/toolchain/avr8/avr8-gnu-toolchain/bin/../lib/gcc/avr/5.4.0/../../../../avr/lib/avr5\libm.a(fp_inf.o)
                              c:/program files (x86)/atmel/studio/7.0/toolchain/avr8/avr8-gnu-toolchain/bin/../lib/gcc/avr/5.4.0/../../../../avr/lib/avr5\libm.a(addsf3x.o) (__fp_inf)
c:/program files (x86)/atmel/studio/7.0/toolchain/avr8/avr8-gnu-toolchain/bin/../lib/gcc/avr/5.4.0/../../../../avr/lib/avr5\libm.a(fp_nan.o)
                              c:/program files (x86)/atmel/studio/7.0/toolchain/avr8/avr8-gnu-toolchain/bin/../lib/gcc/avr/5.4.0/../../../../avr/lib/avr5\libm.a(addsf3x.o) (__fp_nan)
c:/program files (x86)/atmel/studio/7.0/toolchain/avr8/avr8-gnu-toolchain/bin/../lib/gcc/avr/5.4.0/../../../../avr/lib/avr5\libm.a(fp_negdi.o)
                              c:/program files (x86)/atmel/studio/7.0/toolchain/avr8/avr8-gnu-toolchain/bin/../lib/gcc/avr/5.4.0/../../../../avr/lib/avr5\libm.a(fixsfdi.o) (__fp_negdi)
c:/program files (x86)/atmel/studio/7.0/toolchain/avr8/avr8-gnu-toolchain/bin/../lib/gcc/avr/5.4.0/../../../../avr/lib/avr5\libm.a(fp_pscA.o)
                              c:/program files (x86)/atmel/studio/7.0/toolchain/avr8/avr8-gnu-toolchain/bin/../lib/gcc/avr/5.4.0/../../../../avr/lib/avr5\libm.a(addsf3x.o) (__fp_pscA)
c:/program files (x86)/atmel/studio/7.0/toolchain/avr8/avr8-gnu-toolchain/bin/../lib/gcc/avr/5.4.0/../../../../avr/lib/avr5\libm.a(fp_pscB.o)
                              c:/program files (x86)/atmel/studio/7.0/toolchain/avr8/avr8-gnu-toolchain/bin/../lib/gcc/avr/5.4.0/../../../../avr/lib/avr5\libm.a(addsf3x.o) (__fp_pscB)
c:/program files (x86)/atmel/studio/7.0/toolchain/avr8/avr8-gnu-toolchain/bin/../lib/gcc/avr/5.4.0/../../../../avr/lib/avr5\libm.a(fp_rempio2.o)
                              c:/program files (x86)/atmel/studio/7.0/toolchain/avr8/avr8-gnu-toolchain/bin/../lib/gcc/avr/5.4.0/../../../../avr/lib/avr5\libm.a(cos.o) (__fp_rempio2)
c:/program files (x86)/atmel/studio/7.0/toolchain/avr8/avr8-gnu-toolchain/bin/../lib/gcc/avr/5.4.0/../../../../avr/lib/avr5\libm.a(fp_round.o)
                              c:/program files (x86)/atmel/studio/7.0/toolchain/avr8/avr8-gnu-toolchain/bin/../lib/gcc/avr/5.4.0/../../../../avr/lib/avr5\libm.a(addsf3.o) (__fp_round)
c:/program files (x86)/atmel/studio/7.0/toolchain/avr8/avr8-gnu-toolchain/bin/../lib/gcc/avr/5.4.0/../../../../avr/lib/avr5\libm.a(fp_sinus.o)
                              c:/program files (x86)/atmel/studio/7.0/toolchain/avr8/avr8-gnu-toolchain/bin/../lib/gcc/avr/5.4.0/../../../../avr/lib/avr5\libm.a(cos.o) (__fp_sinus)
c:/program files (x86)/atmel/studio/7.0/toolchain/avr8/avr8-gnu-toolchain/bin/../lib/gcc/avr/5.4.0/../../../../avr/lib/avr5\libm.a(fp_split3.o)
                              c:/program files (x86)/atmel/studio/7.0/toolchain/avr8/avr8-gnu-toolchain/bin/../lib/gcc/avr/5.4.0/../../../../avr/lib/avr5\libm.a(addsf3x.o) (__fp_split3)
c:/program files (x86)/atmel/studio/7.0/toolchain/avr8/avr8-gnu-toolchain/bin/../lib/gcc/avr/5.4.0/../../../../avr/lib/avr5\libm.a(fp_zero.o)
                              c:/program files (x86)/atmel/studio/7.0/toolchain/avr8/avr8-gnu-toolchain/bin/../lib/gcc/avr/5.4.0/../../../../avr/lib/avr5\libm.a(addsf3x.o) (__fp_zero)
c:/program files (x86)/atmel/studio/7.0/toolchain/avr8/avr8-gnu-toolchain/bin/../lib/gcc/avr/5.4.0/../../../../avr/lib/avr5\libm.a(mulsf3.o)
                              main.o (__mulsf3)
c:/program files (x86)/atmel/studio/7.0/toolchain/avr8/avr8-gnu-toolchain/bin/../lib/gcc/avr/5.4.0/../../../../avr/lib/avr5\libm.a(mulsf3x.o)
                              c:/program files (x86)/atmel/studio/7.0/toolchain/avr8/avr8-gnu-toolchain/bin/../lib/gcc/avr/5.4.0/../../../../avr/lib/avr5\libm.a(mulsf3.o) (__mulsf3x)
c:/program files (x86)/atmel/studio/7.0/toolchain/avr8/avr8-gnu-toolchain/bin/../lib/gcc/avr/5.4.0/../../../../avr/lib/avr5\libm.a(fp_mpack.o)
                              c:/program files (x86)/atmel/studio/7.0/toolchain/avr8/avr8-gnu-toolchain/bin/../lib/gcc/avr/5.4.0/../../../../avr/lib/avr5\libm.a(fp_rempio2.o) (__fp_mpack_finite)
c:/program files (x86)/atmel/studio/7.0/toolchain/avr8/avr8-gnu-toolchain/bin/../lib/gcc/avr/5.4.0/../../../../avr/lib/avr5\libm.a(fp_powsodd.o)
                              c:/program files (x86)/atmel/studio/7.0/toolchain/avr8/avr8-gnu-toolchain/bin/../lib/gcc/avr/5.4.0/../../../../avr/lib/avr5\libm.a(fp_sinus.o) (__fp_powsodd)
c:/program files (x86)/atmel/studio/7.0/toolchain/avr8/avr8-gnu-toolchain/bin/../lib/gcc/avr/5.4.0/../../../../avr/lib/avr5\libm.a(fp_powser.o)
                              c:/program files (x86)/atmel/studio/7.0/toolchain/avr8/avr8-gnu-toolchain/bin/../lib/gcc/avr/5.4.0/../../../../avr/lib/avr5\libm.a(fp_powsodd.o) (__fp_powser)
C:\Users\243400\Projects\lighting-exploration\MorphLibrary\MorphLibrary\Debug\libMorphLibrary.a(MorphPWM.o)
                              main.o (MorphPWM_start_pwm)
C:\Users\243400\Projects\lighting-exploration\MorphLibrary\MorphLibrary\Debug\libMorphLibrary.a(MorphTime.o)
                              main.o (MorphTime_init)
c:/program files (x86)/atmel/studio/7.0/toolchain/avr8/avr8-gnu-toolchain/bin/../lib/gcc/avr/5.4.0/avr5\libgcc.a(_udivmodsi4.o)
                              MorphConfigurations/MorphConfigATmega328-28dip.o (__udivmodsi4)
c:/program files (x86)/atmel/studio/7.0/toolchain/avr8/avr8-gnu-toolchain/bin/../lib/gcc/avr/5.4.0/avr5\libgcc.a(_exit.o)
                              C:/Program Files (x86)/Atmel/Studio/7.0/Packs/Atmel/ATmega_DFP/1.3.300/gcc/dev/atmega328p/avr5/crtatmega328p.o (exit)
c:/program files (x86)/atmel/studio/7.0/toolchain/avr8/avr8-gnu-toolchain/bin/../lib/gcc/avr/5.4.0/avr5\libgcc.a(_copy_data.o)
                              MorphConfigurations/MorphConfigATmega328-28dip.o (__do_copy_data)
c:/program files (x86)/atmel/studio/7.0/toolchain/avr8/avr8-gnu-toolchain/bin/../lib/gcc/avr/5.4.0/avr5\libgcc.a(_clear_bss.o)
                              MorphConfigurations/MorphConfigATmega328-28dip.o (__do_clear_bss)
c:/program files (x86)/atmel/studio/7.0/toolchain/avr8/avr8-gnu-toolchain/bin/../lib/gcc/avr/5.4.0/avr5\libgcc.a(_ashrdi3.o)
                              MorphConfigurations/MorphConfigATmega328-28dip.o (__lshrdi3)
c:/program files (x86)/atmel/studio/7.0/toolchain/avr8/avr8-gnu-toolchain/bin/../lib/gcc/avr/5.4.0/avr5\libgcc.a(_adddi3_s8.o)
                              MorphConfigurations/MorphConfigATmega328-28dip.o (__adddi3_s8)

Allocating common symbols
Common symbol       size              file

millis_ticks        0x8               MorphConfigurations/MorphConfigATmega328-28dip.o

Discarded input sections

 .data          0x00000000        0x0 C:/Program Files (x86)/Atmel/Studio/7.0/Packs/Atmel/ATmega_DFP/1.3.300/gcc/dev/atmega328p/avr5/crtatmega328p.o
 .bss           0x00000000        0x0 C:/Program Files (x86)/Atmel/Studio/7.0/Packs/Atmel/ATmega_DFP/1.3.300/gcc/dev/atmega328p/avr5/crtatmega328p.o
 .text          0x00000000        0x0 main.o
 .data          0x00000000        0x0 main.o
 .bss           0x00000000        0x0 main.o
 .text.MorphUtils_empty_callback
                0x00000000       0x10 main.o
 .text          0x00000000        0x0 MorphConfigurations/MorphConfigATmega324PB.o
 .data          0x00000000        0x0 MorphConfigurations/MorphConfigATmega324PB.o
 .bss           0x00000000        0x0 MorphConfigurations/MorphConfigATmega324PB.o
 .debug_line    0x00000000        0x0 MorphConfigurations/MorphConfigATmega324PB.o
 .debug_str     0x00000000      0x138 MorphConfigurations/MorphConfigATmega324PB.o
 .comment       0x00000000       0x31 MorphConfigurations/MorphConfigATmega324PB.o
 .text          0x00000000        0x0 MorphConfigurations/MorphConfigATmega328-28dip.o
 .data          0x00000000        0x0 MorphConfigurations/MorphConfigATmega328-28dip.o
 .bss           0x00000000        0x0 MorphConfigurations/MorphConfigATmega328-28dip.o
 .text.morph_config_gpio_set_pin_value
                0x00000000       0xc0 MorphConfigurations/MorphConfigATmega328-28dip.o
 .text.morph_config_gpio_get_pin_value
                0x00000000       0x90 MorphConfigurations/MorphConfigATmega328-28dip.o
 .text.morph_config_gpio_get_pin_direction
                0x00000000       0x92 MorphConfigurations/MorphConfigATmega328-28dip.o
 .text.morph_config_gpio_set_pin_pull_state
                0x00000000       0xf2 MorphConfigurations/MorphConfigATmega328-28dip.o
 .text.morph_config_gpio_get_pin_pull_state
                0x00000000       0x16 MorphConfigurations/MorphConfigATmega328-28dip.o
 .text.morph_config_gpio_set_pin_interrupt
                0x00000000       0x24 MorphConfigurations/MorphConfigATmega328-28dip.o
 .text.morph_config_gpio_unset_pin_interrupt
                0x00000000       0x1a MorphConfigurations/MorphConfigATmega328-28dip.o
 .text.morph_config_uart_setup_channel
                0x00000000       0x90 MorphConfigurations/MorphConfigATmega328-28dip.o
 .text.morph_config_uart_disable_channel
                0x00000000       0x16 MorphConfigurations/MorphConfigATmega328-28dip.o
 .text.morph_config_uart_send_data
                0x00000000       0x20 MorphConfigurations/MorphConfigATmega328-28dip.o
 .text.morph_config_uart_read_data
                0x00000000       0x16 MorphConfigurations/MorphConfigATmega328-28dip.o
 .text.morph_config_uart_send_byte
                0x00000000       0x3a MorphConfigurations/MorphConfigATmega328-28dip.o
 .text.morph_config_uart_read_byte
                0x00000000       0x16 MorphConfigurations/MorphConfigATmega328-28dip.o
 .text.morph_config_uart_write_data_buffer
                0x00000000       0x2a MorphConfigurations/MorphConfigATmega328-28dip.o
 .text.morph_config_uart_write_byte_buffer
                0x00000000       0x2a MorphConfigurations/MorphConfigATmega328-28dip.o
 .text.morph_config_uart_read_data_buffer
                0x00000000       0x42 MorphConfigurations/MorphConfigATmega328-28dip.o
 .text.morph_config_uart_read_byte_buffer
                0x00000000       0x42 MorphConfigurations/MorphConfigATmega328-28dip.o
 .text.morph_config_uart_data_ready
                0x00000000       0x16 MorphConfigurations/MorphConfigATmega328-28dip.o
 .text.morph_config_uart_purge_input
                0x00000000       0x16 MorphConfigurations/MorphConfigATmega328-28dip.o
 .text.morph_config_uart_set_tx_pin
                0x00000000       0x1a MorphConfigurations/MorphConfigATmega328-28dip.o
 .text.morph_config_uart_set_rx_pin
                0x00000000       0x1a MorphConfigurations/MorphConfigATmega328-28dip.o
 .text.morph_config_uart_set_rts_pin
                0x00000000       0x1a MorphConfigurations/MorphConfigATmega328-28dip.o
 .text.morph_config_uart_set_cts_pin
                0x00000000       0x1a MorphConfigurations/MorphConfigATmega328-28dip.o
 .text.morph_config_i2c_init_master
                0x00000000       0x2a MorphConfigurations/MorphConfigATmega328-28dip.o
 .text.morph_config_i2c_init_slave
                0x00000000       0x16 MorphConfigurations/MorphConfigATmega328-28dip.o
 .text.morph_config_i2c_start_transmission
                0x00000000       0x20 MorphConfigurations/MorphConfigATmega328-28dip.o
 .text.morph_config_i2c_end_transmission
                0x00000000       0x16 MorphConfigurations/MorphConfigATmega328-28dip.o
 .text.morph_config_i2c_read
                0x00000000       0x16 MorphConfigurations/MorphConfigATmega328-28dip.o
 .text.morph_config_i2c_write
                0x00000000       0x1a MorphConfigurations/MorphConfigATmega328-28dip.o
 .text.morph_config_i2c_set_scl_pin
                0x00000000       0x1a MorphConfigurations/MorphConfigATmega328-28dip.o
 .text.morph_config_i2c_set_sda_pin
                0x00000000       0x1a MorphConfigurations/MorphConfigATmega328-28dip.o
 .text.morph_config_time_init_rtc
                0x00000000       0x10 MorphConfigurations/MorphConfigATmega328-28dip.o
 .text.acquire_16_bit
                0x00000000       0x42 MorphConfigurations/MorphConfigATmega328-28dip.o
 .text.morph_config_timer_release_timer
                0x00000000       0x1a MorphConfigurations/MorphConfigATmega328-28dip.o
 .text.morph_config_timer_unset_timer_callback
                0x00000000       0x24 MorphConfigurations/MorphConfigATmega328-28dip.o
 .text.morph_config_timer_is_in_use
                0x00000000       0x1a MorphConfigurations/MorphConfigATmega328-28dip.o
 .text.morph_config_pwm_stop_pwm
                0x00000000       0x16 MorphConfigurations/MorphConfigATmega328-28dip.o
 .text.morph_config_pwm_set_pwm_duty_64bit
                0x00000000       0x42 MorphConfigurations/MorphConfigATmega328-28dip.o
 .text.morph_config_pwm_set_pwm_duty_32bit
                0x00000000       0x2a MorphConfigurations/MorphConfigATmega328-28dip.o
 .text.morph_config_pwm_set_pwm_duty_16bit
                0x00000000       0x20 MorphConfigurations/MorphConfigATmega328-28dip.o
 .text.morph_config_pwm_set_pwm_duty_8bit
                0x00000000       0x1a MorphConfigurations/MorphConfigATmega328-28dip.o
 .data.adc_configs
                0x00000000       0x10 MorphConfigurations/MorphConfigATmega328-28dip.o
 .data.last_read_mux
                0x00000000        0x1 MorphConfigurations/MorphConfigATmega328-28dip.o
 .text.morph_config_adc_get_adc_value
                0x00000000       0x1e MorphConfigurations/MorphConfigATmega328-28dip.o
 .text.morph_config_adc_get_adc_pin
                0x00000000       0x1e MorphConfigurations/MorphConfigATmega328-28dip.o
 .text.morph_config_adc_init_adc
                0x00000000       0x28 MorphConfigurations/MorphConfigATmega328-28dip.o
 .text.morph_config_adc_read
                0x00000000      0x1b0 MorphConfigurations/MorphConfigATmega328-28dip.o
 .text.morph_config_adc_set_resolution
                0x00000000       0x1a MorphConfigurations/MorphConfigATmega328-28dip.o
 .text.morph_config_adc_set_reference
                0x00000000       0x9e MorphConfigurations/MorphConfigATmega328-28dip.o
 .text.morph_config_adc_set_prescaler
                0x00000000      0x128 MorphConfigurations/MorphConfigATmega328-28dip.o
 .text.morph_config_adc_get_maximum_value
                0x00000000       0x20 MorphConfigurations/MorphConfigATmega328-28dip.o
 .text.morph_implementation_test
                0x00000000       0x10 MorphConfigurations/MorphConfigATmega328-28dip.o
 .text          0x00000000        0x0 MorphConfigurations/MorphConfigATmega328-32pin.o
 .data          0x00000000        0x0 MorphConfigurations/MorphConfigATmega328-32pin.o
 .bss           0x00000000        0x0 MorphConfigurations/MorphConfigATmega328-32pin.o
 .debug_line    0x00000000        0x0 MorphConfigurations/MorphConfigATmega328-32pin.o
 .debug_str     0x00000000      0x13c MorphConfigurations/MorphConfigATmega328-32pin.o
 .comment       0x00000000       0x31 MorphConfigurations/MorphConfigATmega328-32pin.o
 .text          0x00000000        0x0 MorphConfigurations/MorphConfigSAMD21.o
 .data          0x00000000        0x0 MorphConfigurations/MorphConfigSAMD21.o
 .bss           0x00000000        0x0 MorphConfigurations/MorphConfigSAMD21.o
 .debug_line    0x00000000        0x0 MorphConfigurations/MorphConfigSAMD21.o
 .debug_str     0x00000000      0x133 MorphConfigurations/MorphConfigSAMD21.o
 .comment       0x00000000       0x31 MorphConfigurations/MorphConfigSAMD21.o
 .text          0x00000000        0x0 MorphConfigurations/MorphConfigSAMD21E18A.o
 .data          0x00000000        0x0 MorphConfigurations/MorphConfigSAMD21E18A.o
 .bss           0x00000000        0x0 MorphConfigurations/MorphConfigSAMD21E18A.o
 .debug_line    0x00000000        0x0 MorphConfigurations/MorphConfigSAMD21E18A.o
 .debug_str     0x00000000      0x137 MorphConfigurations/MorphConfigSAMD21E18A.o
 .comment       0x00000000       0x31 MorphConfigurations/MorphConfigSAMD21E18A.o
 .text          0x00000000        0x0 MorphConfigurations/MorphConfigSAMD21J18A-MU-ND.o
 .data          0x00000000        0x0 MorphConfigurations/MorphConfigSAMD21J18A-MU-ND.o
 .bss           0x00000000        0x0 MorphConfigurations/MorphConfigSAMD21J18A-MU-ND.o
 .debug_line    0x00000000        0x0 MorphConfigurations/MorphConfigSAMD21J18A-MU-ND.o
 .debug_str     0x00000000      0x13d MorphConfigurations/MorphConfigSAMD21J18A-MU-ND.o
 .comment       0x00000000       0x31 MorphConfigurations/MorphConfigSAMD21J18A-MU-ND.o
 .text          0x00000000        0x0 MorphConfigurations/MorphConfigSTM32F030.o
 .data          0x00000000        0x0 MorphConfigurations/MorphConfigSTM32F030.o
 .bss           0x00000000        0x0 MorphConfigurations/MorphConfigSTM32F030.o
 .debug_line    0x00000000        0x0 MorphConfigurations/MorphConfigSTM32F030.o
 .debug_str     0x00000000      0x136 MorphConfigurations/MorphConfigSTM32F030.o
 .comment       0x00000000       0x31 MorphConfigurations/MorphConfigSTM32F030.o
 .text          0x00000000        0x0 c:/program files (x86)/atmel/studio/7.0/toolchain/avr8/avr8-gnu-toolchain/bin/../lib/gcc/avr/5.4.0/../../../../avr/lib/avr5\libm.a(addsf3.o)
 .data          0x00000000        0x0 c:/program files (x86)/atmel/studio/7.0/toolchain/avr8/avr8-gnu-toolchain/bin/../lib/gcc/avr/5.4.0/../../../../avr/lib/avr5\libm.a(addsf3.o)
 .bss           0x00000000        0x0 c:/program files (x86)/atmel/studio/7.0/toolchain/avr8/avr8-gnu-toolchain/bin/../lib/gcc/avr/5.4.0/../../../../avr/lib/avr5\libm.a(addsf3.o)
 .text          0x00000000        0x0 c:/program files (x86)/atmel/studio/7.0/toolchain/avr8/avr8-gnu-toolchain/bin/../lib/gcc/avr/5.4.0/../../../../avr/lib/avr5\libm.a(addsf3x.o)
 .data          0x00000000        0x0 c:/program files (x86)/atmel/studio/7.0/toolchain/avr8/avr8-gnu-toolchain/bin/../lib/gcc/avr/5.4.0/../../../../avr/lib/avr5\libm.a(addsf3x.o)
 .bss           0x00000000        0x0 c:/program files (x86)/atmel/studio/7.0/toolchain/avr8/avr8-gnu-toolchain/bin/../lib/gcc/avr/5.4.0/../../../../avr/lib/avr5\libm.a(addsf3x.o)
 .text          0x00000000        0x0 c:/program files (x86)/atmel/studio/7.0/toolchain/avr8/avr8-gnu-toolchain/bin/../lib/gcc/avr/5.4.0/../../../../avr/lib/avr5\libm.a(cmpsf2.o)
 .data          0x00000000        0x0 c:/program files (x86)/atmel/studio/7.0/toolchain/avr8/avr8-gnu-toolchain/bin/../lib/gcc/avr/5.4.0/../../../../avr/lib/avr5\libm.a(cmpsf2.o)
 .bss           0x00000000        0x0 c:/program files (x86)/atmel/studio/7.0/toolchain/avr8/avr8-gnu-toolchain/bin/../lib/gcc/avr/5.4.0/../../../../avr/lib/avr5\libm.a(cmpsf2.o)
 .text          0x00000000        0x0 c:/program files (x86)/atmel/studio/7.0/toolchain/avr8/avr8-gnu-toolchain/bin/../lib/gcc/avr/5.4.0/../../../../avr/lib/avr5\libm.a(cos.o)
 .data          0x00000000        0x0 c:/program files (x86)/atmel/studio/7.0/toolchain/avr8/avr8-gnu-toolchain/bin/../lib/gcc/avr/5.4.0/../../../../avr/lib/avr5\libm.a(cos.o)
 .bss           0x00000000        0x0 c:/program files (x86)/atmel/studio/7.0/toolchain/avr8/avr8-gnu-toolchain/bin/../lib/gcc/avr/5.4.0/../../../../avr/lib/avr5\libm.a(cos.o)
 .text          0x00000000        0x0 c:/program files (x86)/atmel/studio/7.0/toolchain/avr8/avr8-gnu-toolchain/bin/../lib/gcc/avr/5.4.0/../../../../avr/lib/avr5\libm.a(divsf3.o)
 .data          0x00000000        0x0 c:/program files (x86)/atmel/studio/7.0/toolchain/avr8/avr8-gnu-toolchain/bin/../lib/gcc/avr/5.4.0/../../../../avr/lib/avr5\libm.a(divsf3.o)
 .bss           0x00000000        0x0 c:/program files (x86)/atmel/studio/7.0/toolchain/avr8/avr8-gnu-toolchain/bin/../lib/gcc/avr/5.4.0/../../../../avr/lib/avr5\libm.a(divsf3.o)
 .text          0x00000000        0x0 c:/program files (x86)/atmel/studio/7.0/toolchain/avr8/avr8-gnu-toolchain/bin/../lib/gcc/avr/5.4.0/../../../../avr/lib/avr5\libm.a(divsf3x.o)
 .data          0x00000000        0x0 c:/program files (x86)/atmel/studio/7.0/toolchain/avr8/avr8-gnu-toolchain/bin/../lib/gcc/avr/5.4.0/../../../../avr/lib/avr5\libm.a(divsf3x.o)
 .bss           0x00000000        0x0 c:/program files (x86)/atmel/studio/7.0/toolchain/avr8/avr8-gnu-toolchain/bin/../lib/gcc/avr/5.4.0/../../../../avr/lib/avr5\libm.a(divsf3x.o)
 .text          0x00000000        0x0 c:/program files (x86)/atmel/studio/7.0/toolchain/avr8/avr8-gnu-toolchain/bin/../lib/gcc/avr/5.4.0/../../../../avr/lib/avr5\libm.a(fixsfdi.o)
 .data          0x00000000        0x0 c:/program files (x86)/atmel/studio/7.0/toolchain/avr8/avr8-gnu-toolchain/bin/../lib/gcc/avr/5.4.0/../../../../avr/lib/avr5\libm.a(fixsfdi.o)
 .bss           0x00000000        0x0 c:/program files (x86)/atmel/studio/7.0/toolchain/avr8/avr8-gnu-toolchain/bin/../lib/gcc/avr/5.4.0/../../../../avr/lib/avr5\libm.a(fixsfdi.o)
 .text          0x00000000        0x0 c:/program files (x86)/atmel/studio/7.0/toolchain/avr8/avr8-gnu-toolchain/bin/../lib/gcc/avr/5.4.0/../../../../avr/lib/avr5\libm.a(fixunssfsi.o)
 .data          0x00000000        0x0 c:/program files (x86)/atmel/studio/7.0/toolchain/avr8/avr8-gnu-toolchain/bin/../lib/gcc/avr/5.4.0/../../../../avr/lib/avr5\libm.a(fixunssfsi.o)
 .bss           0x00000000        0x0 c:/program files (x86)/atmel/studio/7.0/toolchain/avr8/avr8-gnu-toolchain/bin/../lib/gcc/avr/5.4.0/../../../../avr/lib/avr5\libm.a(fixunssfsi.o)
 .text          0x00000000        0x0 c:/program files (x86)/atmel/studio/7.0/toolchain/avr8/avr8-gnu-toolchain/bin/../lib/gcc/avr/5.4.0/../../../../avr/lib/avr5\libm.a(floatdisf.o)
 .data          0x00000000        0x0 c:/program files (x86)/atmel/studio/7.0/toolchain/avr8/avr8-gnu-toolchain/bin/../lib/gcc/avr/5.4.0/../../../../avr/lib/avr5\libm.a(floatdisf.o)
 .bss           0x00000000        0x0 c:/program files (x86)/atmel/studio/7.0/toolchain/avr8/avr8-gnu-toolchain/bin/../lib/gcc/avr/5.4.0/../../../../avr/lib/avr5\libm.a(floatdisf.o)
 .text          0x00000000        0x0 c:/program files (x86)/atmel/studio/7.0/toolchain/avr8/avr8-gnu-toolchain/bin/../lib/gcc/avr/5.4.0/../../../../avr/lib/avr5\libm.a(floatsisf.o)
 .data          0x00000000        0x0 c:/program files (x86)/atmel/studio/7.0/toolchain/avr8/avr8-gnu-toolchain/bin/../lib/gcc/avr/5.4.0/../../../../avr/lib/avr5\libm.a(floatsisf.o)
 .bss           0x00000000        0x0 c:/program files (x86)/atmel/studio/7.0/toolchain/avr8/avr8-gnu-toolchain/bin/../lib/gcc/avr/5.4.0/../../../../avr/lib/avr5\libm.a(floatsisf.o)
 .text          0x00000000        0x0 c:/program files (x86)/atmel/studio/7.0/toolchain/avr8/avr8-gnu-toolchain/bin/../lib/gcc/avr/5.4.0/../../../../avr/lib/avr5\libm.a(floatundisf.o)
 .data          0x00000000        0x0 c:/program files (x86)/atmel/studio/7.0/toolchain/avr8/avr8-gnu-toolchain/bin/../lib/gcc/avr/5.4.0/../../../../avr/lib/avr5\libm.a(floatundisf.o)
 .bss           0x00000000        0x0 c:/program files (x86)/atmel/studio/7.0/toolchain/avr8/avr8-gnu-toolchain/bin/../lib/gcc/avr/5.4.0/../../../../avr/lib/avr5\libm.a(floatundisf.o)
 .text          0x00000000        0x0 c:/program files (x86)/atmel/studio/7.0/toolchain/avr8/avr8-gnu-toolchain/bin/../lib/gcc/avr/5.4.0/../../../../avr/lib/avr5\libm.a(fmax.o)
 .data          0x00000000        0x0 c:/program files (x86)/atmel/studio/7.0/toolchain/avr8/avr8-gnu-toolchain/bin/../lib/gcc/avr/5.4.0/../../../../avr/lib/avr5\libm.a(fmax.o)
 .bss           0x00000000        0x0 c:/program files (x86)/atmel/studio/7.0/toolchain/avr8/avr8-gnu-toolchain/bin/../lib/gcc/avr/5.4.0/../../../../avr/lib/avr5\libm.a(fmax.o)
 .text          0x00000000        0x0 c:/program files (x86)/atmel/studio/7.0/toolchain/avr8/avr8-gnu-toolchain/bin/../lib/gcc/avr/5.4.0/../../../../avr/lib/avr5\libm.a(fmin.o)
 .data          0x00000000        0x0 c:/program files (x86)/atmel/studio/7.0/toolchain/avr8/avr8-gnu-toolchain/bin/../lib/gcc/avr/5.4.0/../../../../avr/lib/avr5\libm.a(fmin.o)
 .bss           0x00000000        0x0 c:/program files (x86)/atmel/studio/7.0/toolchain/avr8/avr8-gnu-toolchain/bin/../lib/gcc/avr/5.4.0/../../../../avr/lib/avr5\libm.a(fmin.o)
 .text          0x00000000        0x0 c:/program files (x86)/atmel/studio/7.0/toolchain/avr8/avr8-gnu-toolchain/bin/../lib/gcc/avr/5.4.0/../../../../avr/lib/avr5\libm.a(fp_cmp.o)
 .data          0x00000000        0x0 c:/program files (x86)/atmel/studio/7.0/toolchain/avr8/avr8-gnu-toolchain/bin/../lib/gcc/avr/5.4.0/../../../../avr/lib/avr5\libm.a(fp_cmp.o)
 .bss           0x00000000        0x0 c:/program files (x86)/atmel/studio/7.0/toolchain/avr8/avr8-gnu-toolchain/bin/../lib/gcc/avr/5.4.0/../../../../avr/lib/avr5\libm.a(fp_cmp.o)
 .text          0x00000000        0x0 c:/program files (x86)/atmel/studio/7.0/toolchain/avr8/avr8-gnu-toolchain/bin/../lib/gcc/avr/5.4.0/../../../../avr/lib/avr5\libm.a(fp_inf.o)
 .data          0x00000000        0x0 c:/program files (x86)/atmel/studio/7.0/toolchain/avr8/avr8-gnu-toolchain/bin/../lib/gcc/avr/5.4.0/../../../../avr/lib/avr5\libm.a(fp_inf.o)
 .bss           0x00000000        0x0 c:/program files (x86)/atmel/studio/7.0/toolchain/avr8/avr8-gnu-toolchain/bin/../lib/gcc/avr/5.4.0/../../../../avr/lib/avr5\libm.a(fp_inf.o)
 .text          0x00000000        0x0 c:/program files (x86)/atmel/studio/7.0/toolchain/avr8/avr8-gnu-toolchain/bin/../lib/gcc/avr/5.4.0/../../../../avr/lib/avr5\libm.a(fp_nan.o)
 .data          0x00000000        0x0 c:/program files (x86)/atmel/studio/7.0/toolchain/avr8/avr8-gnu-toolchain/bin/../lib/gcc/avr/5.4.0/../../../../avr/lib/avr5\libm.a(fp_nan.o)
 .bss           0x00000000        0x0 c:/program files (x86)/atmel/studio/7.0/toolchain/avr8/avr8-gnu-toolchain/bin/../lib/gcc/avr/5.4.0/../../../../avr/lib/avr5\libm.a(fp_nan.o)
 .text          0x00000000        0x0 c:/program files (x86)/atmel/studio/7.0/toolchain/avr8/avr8-gnu-toolchain/bin/../lib/gcc/avr/5.4.0/../../../../avr/lib/avr5\libm.a(fp_negdi.o)
 .data          0x00000000        0x0 c:/program files (x86)/atmel/studio/7.0/toolchain/avr8/avr8-gnu-toolchain/bin/../lib/gcc/avr/5.4.0/../../../../avr/lib/avr5\libm.a(fp_negdi.o)
 .bss           0x00000000        0x0 c:/program files (x86)/atmel/studio/7.0/toolchain/avr8/avr8-gnu-toolchain/bin/../lib/gcc/avr/5.4.0/../../../../avr/lib/avr5\libm.a(fp_negdi.o)
 .text          0x00000000        0x0 c:/program files (x86)/atmel/studio/7.0/toolchain/avr8/avr8-gnu-toolchain/bin/../lib/gcc/avr/5.4.0/../../../../avr/lib/avr5\libm.a(fp_pscA.o)
 .data          0x00000000        0x0 c:/program files (x86)/atmel/studio/7.0/toolchain/avr8/avr8-gnu-toolchain/bin/../lib/gcc/avr/5.4.0/../../../../avr/lib/avr5\libm.a(fp_pscA.o)
 .bss           0x00000000        0x0 c:/program files (x86)/atmel/studio/7.0/toolchain/avr8/avr8-gnu-toolchain/bin/../lib/gcc/avr/5.4.0/../../../../avr/lib/avr5\libm.a(fp_pscA.o)
 .text          0x00000000        0x0 c:/program files (x86)/atmel/studio/7.0/toolchain/avr8/avr8-gnu-toolchain/bin/../lib/gcc/avr/5.4.0/../../../../avr/lib/avr5\libm.a(fp_pscB.o)
 .data          0x00000000        0x0 c:/program files (x86)/atmel/studio/7.0/toolchain/avr8/avr8-gnu-toolchain/bin/../lib/gcc/avr/5.4.0/../../../../avr/lib/avr5\libm.a(fp_pscB.o)
 .bss           0x00000000        0x0 c:/program files (x86)/atmel/studio/7.0/toolchain/avr8/avr8-gnu-toolchain/bin/../lib/gcc/avr/5.4.0/../../../../avr/lib/avr5\libm.a(fp_pscB.o)
 .text          0x00000000        0x0 c:/program files (x86)/atmel/studio/7.0/toolchain/avr8/avr8-gnu-toolchain/bin/../lib/gcc/avr/5.4.0/../../../../avr/lib/avr5\libm.a(fp_rempio2.o)
 .data          0x00000000        0x0 c:/program files (x86)/atmel/studio/7.0/toolchain/avr8/avr8-gnu-toolchain/bin/../lib/gcc/avr/5.4.0/../../../../avr/lib/avr5\libm.a(fp_rempio2.o)
 .bss           0x00000000        0x0 c:/program files (x86)/atmel/studio/7.0/toolchain/avr8/avr8-gnu-toolchain/bin/../lib/gcc/avr/5.4.0/../../../../avr/lib/avr5\libm.a(fp_rempio2.o)
 .text          0x00000000        0x0 c:/program files (x86)/atmel/studio/7.0/toolchain/avr8/avr8-gnu-toolchain/bin/../lib/gcc/avr/5.4.0/../../../../avr/lib/avr5\libm.a(fp_round.o)
 .data          0x00000000        0x0 c:/program files (x86)/atmel/studio/7.0/toolchain/avr8/avr8-gnu-toolchain/bin/../lib/gcc/avr/5.4.0/../../../../avr/lib/avr5\libm.a(fp_round.o)
 .bss           0x00000000        0x0 c:/program files (x86)/atmel/studio/7.0/toolchain/avr8/avr8-gnu-toolchain/bin/../lib/gcc/avr/5.4.0/../../../../avr/lib/avr5\libm.a(fp_round.o)
 .text          0x00000000        0x0 c:/program files (x86)/atmel/studio/7.0/toolchain/avr8/avr8-gnu-toolchain/bin/../lib/gcc/avr/5.4.0/../../../../avr/lib/avr5\libm.a(fp_sinus.o)
 .data          0x00000000        0x0 c:/program files (x86)/atmel/studio/7.0/toolchain/avr8/avr8-gnu-toolchain/bin/../lib/gcc/avr/5.4.0/../../../../avr/lib/avr5\libm.a(fp_sinus.o)
 .bss           0x00000000        0x0 c:/program files (x86)/atmel/studio/7.0/toolchain/avr8/avr8-gnu-toolchain/bin/../lib/gcc/avr/5.4.0/../../../../avr/lib/avr5\libm.a(fp_sinus.o)
 .text          0x00000000        0x0 c:/program files (x86)/atmel/studio/7.0/toolchain/avr8/avr8-gnu-toolchain/bin/../lib/gcc/avr/5.4.0/../../../../avr/lib/avr5\libm.a(fp_split3.o)
 .data          0x00000000        0x0 c:/program files (x86)/atmel/studio/7.0/toolchain/avr8/avr8-gnu-toolchain/bin/../lib/gcc/avr/5.4.0/../../../../avr/lib/avr5\libm.a(fp_split3.o)
 .bss           0x00000000        0x0 c:/program files (x86)/atmel/studio/7.0/toolchain/avr8/avr8-gnu-toolchain/bin/../lib/gcc/avr/5.4.0/../../../../avr/lib/avr5\libm.a(fp_split3.o)
 .text          0x00000000        0x0 c:/program files (x86)/atmel/studio/7.0/toolchain/avr8/avr8-gnu-toolchain/bin/../lib/gcc/avr/5.4.0/../../../../avr/lib/avr5\libm.a(fp_zero.o)
 .data          0x00000000        0x0 c:/program files (x86)/atmel/studio/7.0/toolchain/avr8/avr8-gnu-toolchain/bin/../lib/gcc/avr/5.4.0/../../../../avr/lib/avr5\libm.a(fp_zero.o)
 .bss           0x00000000        0x0 c:/program files (x86)/atmel/studio/7.0/toolchain/avr8/avr8-gnu-toolchain/bin/../lib/gcc/avr/5.4.0/../../../../avr/lib/avr5\libm.a(fp_zero.o)
 .text          0x00000000        0x0 c:/program files (x86)/atmel/studio/7.0/toolchain/avr8/avr8-gnu-toolchain/bin/../lib/gcc/avr/5.4.0/../../../../avr/lib/avr5\libm.a(mulsf3.o)
 .data          0x00000000        0x0 c:/program files (x86)/atmel/studio/7.0/toolchain/avr8/avr8-gnu-toolchain/bin/../lib/gcc/avr/5.4.0/../../../../avr/lib/avr5\libm.a(mulsf3.o)
 .bss           0x00000000        0x0 c:/program files (x86)/atmel/studio/7.0/toolchain/avr8/avr8-gnu-toolchain/bin/../lib/gcc/avr/5.4.0/../../../../avr/lib/avr5\libm.a(mulsf3.o)
 .text          0x00000000        0x0 c:/program files (x86)/atmel/studio/7.0/toolchain/avr8/avr8-gnu-toolchain/bin/../lib/gcc/avr/5.4.0/../../../../avr/lib/avr5\libm.a(mulsf3x.o)
 .data          0x00000000        0x0 c:/program files (x86)/atmel/studio/7.0/toolchain/avr8/avr8-gnu-toolchain/bin/../lib/gcc/avr/5.4.0/../../../../avr/lib/avr5\libm.a(mulsf3x.o)
 .bss           0x00000000        0x0 c:/program files (x86)/atmel/studio/7.0/toolchain/avr8/avr8-gnu-toolchain/bin/../lib/gcc/avr/5.4.0/../../../../avr/lib/avr5\libm.a(mulsf3x.o)
 .text          0x00000000        0x0 c:/program files (x86)/atmel/studio/7.0/toolchain/avr8/avr8-gnu-toolchain/bin/../lib/gcc/avr/5.4.0/../../../../avr/lib/avr5\libm.a(fp_mpack.o)
 .data          0x00000000        0x0 c:/program files (x86)/atmel/studio/7.0/toolchain/avr8/avr8-gnu-toolchain/bin/../lib/gcc/avr/5.4.0/../../../../avr/lib/avr5\libm.a(fp_mpack.o)
 .bss           0x00000000        0x0 c:/program files (x86)/atmel/studio/7.0/toolchain/avr8/avr8-gnu-toolchain/bin/../lib/gcc/avr/5.4.0/../../../../avr/lib/avr5\libm.a(fp_mpack.o)
 .text          0x00000000        0x0 c:/program files (x86)/atmel/studio/7.0/toolchain/avr8/avr8-gnu-toolchain/bin/../lib/gcc/avr/5.4.0/../../../../avr/lib/avr5\libm.a(fp_powsodd.o)
 .data          0x00000000        0x0 c:/program files (x86)/atmel/studio/7.0/toolchain/avr8/avr8-gnu-toolchain/bin/../lib/gcc/avr/5.4.0/../../../../avr/lib/avr5\libm.a(fp_powsodd.o)
 .bss           0x00000000        0x0 c:/program files (x86)/atmel/studio/7.0/toolchain/avr8/avr8-gnu-toolchain/bin/../lib/gcc/avr/5.4.0/../../../../avr/lib/avr5\libm.a(fp_powsodd.o)
 .text          0x00000000        0x0 c:/program files (x86)/atmel/studio/7.0/toolchain/avr8/avr8-gnu-toolchain/bin/../lib/gcc/avr/5.4.0/../../../../avr/lib/avr5\libm.a(fp_powser.o)
 .data          0x00000000        0x0 c:/program files (x86)/atmel/studio/7.0/toolchain/avr8/avr8-gnu-toolchain/bin/../lib/gcc/avr/5.4.0/../../../../avr/lib/avr5\libm.a(fp_powser.o)
 .bss           0x00000000        0x0 c:/program files (x86)/atmel/studio/7.0/toolchain/avr8/avr8-gnu-toolchain/bin/../lib/gcc/avr/5.4.0/../../../../avr/lib/avr5\libm.a(fp_powser.o)
 .text          0x00000000        0x0 C:\Users\243400\Projects\lighting-exploration\MorphLibrary\MorphLibrary\Debug\libMorphLibrary.a(MorphPWM.o)
 .data          0x00000000        0x0 C:\Users\243400\Projects\lighting-exploration\MorphLibrary\MorphLibrary\Debug\libMorphLibrary.a(MorphPWM.o)
 .bss           0x00000000        0x0 C:\Users\243400\Projects\lighting-exploration\MorphLibrary\MorphLibrary\Debug\libMorphLibrary.a(MorphPWM.o)
 .text.MorphUtils_empty_callback
                0x00000000        0x2 C:\Users\243400\Projects\lighting-exploration\MorphLibrary\MorphLibrary\Debug\libMorphLibrary.a(MorphPWM.o)
 .text.MorphPWM_register_start_pwm
                0x00000000        0xa C:\Users\243400\Projects\lighting-exploration\MorphLibrary\MorphLibrary\Debug\libMorphLibrary.a(MorphPWM.o)
 .text.MorphPWM_register_stop_pwm
                0x00000000        0xa C:\Users\243400\Projects\lighting-exploration\MorphLibrary\MorphLibrary\Debug\libMorphLibrary.a(MorphPWM.o)
 .text.MorphPWM_register_set_pwm_duty_float
                0x00000000        0xa C:\Users\243400\Projects\lighting-exploration\MorphLibrary\MorphLibrary\Debug\libMorphLibrary.a(MorphPWM.o)
 .text.MorphPWM_register_set_pwm_duty_64bit
                0x00000000        0xa C:\Users\243400\Projects\lighting-exploration\MorphLibrary\MorphLibrary\Debug\libMorphLibrary.a(MorphPWM.o)
 .text.MorphPWM_register_set_pwm_duty_32bit
                0x00000000        0xa C:\Users\243400\Projects\lighting-exploration\MorphLibrary\MorphLibrary\Debug\libMorphLibrary.a(MorphPWM.o)
 .text.MorphPWM_register_set_pwm_duty_16bit
                0x00000000        0xa C:\Users\243400\Projects\lighting-exploration\MorphLibrary\MorphLibrary\Debug\libMorphLibrary.a(MorphPWM.o)
 .text.MorphPWM_register_set_pwm_duty_8bit
                0x00000000        0xa C:\Users\243400\Projects\lighting-exploration\MorphLibrary\MorphLibrary\Debug\libMorphLibrary.a(MorphPWM.o)
 .text.MorphPWM_stop_pwm
                0x00000000        0xc C:\Users\243400\Projects\lighting-exploration\MorphLibrary\MorphLibrary\Debug\libMorphLibrary.a(MorphPWM.o)
 .text.MorphPWM_set_pwm_duty_64bit
                0x00000000       0x14 C:\Users\243400\Projects\lighting-exploration\MorphLibrary\MorphLibrary\Debug\libMorphLibrary.a(MorphPWM.o)
 .text.MorphPWM_set_pwm_duty_32bit
                0x00000000        0xc C:\Users\243400\Projects\lighting-exploration\MorphLibrary\MorphLibrary\Debug\libMorphLibrary.a(MorphPWM.o)
 .text.MorphPWM_set_pwm_duty_16bit
                0x00000000        0xc C:\Users\243400\Projects\lighting-exploration\MorphLibrary\MorphLibrary\Debug\libMorphLibrary.a(MorphPWM.o)
 .text.MorphPWM_set_pwm_duty_8bit
                0x00000000        0xe C:\Users\243400\Projects\lighting-exploration\MorphLibrary\MorphLibrary\Debug\libMorphLibrary.a(MorphPWM.o)
 .data.morph_set_pwm_duty_8bit_function
                0x00000000        0x2 C:\Users\243400\Projects\lighting-exploration\MorphLibrary\MorphLibrary\Debug\libMorphLibrary.a(MorphPWM.o)
 .data.morph_set_pwm_duty_16bit_function
                0x00000000        0x2 C:\Users\243400\Projects\lighting-exploration\MorphLibrary\MorphLibrary\Debug\libMorphLibrary.a(MorphPWM.o)
 .data.morph_set_pwm_duty_32bit_function
                0x00000000        0x2 C:\Users\243400\Projects\lighting-exploration\MorphLibrary\MorphLibrary\Debug\libMorphLibrary.a(MorphPWM.o)
 .data.morph_set_pwm_duty_64bit_function
                0x00000000        0x2 C:\Users\243400\Projects\lighting-exploration\MorphLibrary\MorphLibrary\Debug\libMorphLibrary.a(MorphPWM.o)
 .data.morph_set_pwm_duty_float_function
                0x00000000        0x2 C:\Users\243400\Projects\lighting-exploration\MorphLibrary\MorphLibrary\Debug\libMorphLibrary.a(MorphPWM.o)
 .data.morph_stop_pwm_function
                0x00000000        0x2 C:\Users\243400\Projects\lighting-exploration\MorphLibrary\MorphLibrary\Debug\libMorphLibrary.a(MorphPWM.o)
 .data.morph_start_pwm_function
                0x00000000        0x2 C:\Users\243400\Projects\lighting-exploration\MorphLibrary\MorphLibrary\Debug\libMorphLibrary.a(MorphPWM.o)
 .text          0x00000000        0x0 C:\Users\243400\Projects\lighting-exploration\MorphLibrary\MorphLibrary\Debug\libMorphLibrary.a(MorphTime.o)
 .data          0x00000000        0x0 C:\Users\243400\Projects\lighting-exploration\MorphLibrary\MorphLibrary\Debug\libMorphLibrary.a(MorphTime.o)
 .bss           0x00000000        0x0 C:\Users\243400\Projects\lighting-exploration\MorphLibrary\MorphLibrary\Debug\libMorphLibrary.a(MorphTime.o)
 .text.MorphTime_init_rtc
                0x00000000        0x6 C:\Users\243400\Projects\lighting-exploration\MorphLibrary\MorphLibrary\Debug\libMorphLibrary.a(MorphTime.o)
 .text          0x00000000        0x0 c:/program files (x86)/atmel/studio/7.0/toolchain/avr8/avr8-gnu-toolchain/bin/../lib/gcc/avr/5.4.0/avr5\libgcc.a(_udivmodsi4.o)
 .data          0x00000000        0x0 c:/program files (x86)/atmel/studio/7.0/toolchain/avr8/avr8-gnu-toolchain/bin/../lib/gcc/avr/5.4.0/avr5\libgcc.a(_udivmodsi4.o)
 .bss           0x00000000        0x0 c:/program files (x86)/atmel/studio/7.0/toolchain/avr8/avr8-gnu-toolchain/bin/../lib/gcc/avr/5.4.0/avr5\libgcc.a(_udivmodsi4.o)
 .text.libgcc.mul
                0x00000000        0x0 c:/program files (x86)/atmel/studio/7.0/toolchain/avr8/avr8-gnu-toolchain/bin/../lib/gcc/avr/5.4.0/avr5\libgcc.a(_udivmodsi4.o)
 .text.libgcc.div
                0x00000000       0x44 c:/program files (x86)/atmel/studio/7.0/toolchain/avr8/avr8-gnu-toolchain/bin/../lib/gcc/avr/5.4.0/avr5\libgcc.a(_udivmodsi4.o)
 .text.libgcc   0x00000000        0x0 c:/program files (x86)/atmel/studio/7.0/toolchain/avr8/avr8-gnu-toolchain/bin/../lib/gcc/avr/5.4.0/avr5\libgcc.a(_udivmodsi4.o)
 .text.libgcc.prologue
                0x00000000        0x0 c:/program files (x86)/atmel/studio/7.0/toolchain/avr8/avr8-gnu-toolchain/bin/../lib/gcc/avr/5.4.0/avr5\libgcc.a(_udivmodsi4.o)
 .text.libgcc.builtins
                0x00000000        0x0 c:/program files (x86)/atmel/studio/7.0/toolchain/avr8/avr8-gnu-toolchain/bin/../lib/gcc/avr/5.4.0/avr5\libgcc.a(_udivmodsi4.o)
 .text.libgcc.fmul
                0x00000000        0x0 c:/program files (x86)/atmel/studio/7.0/toolchain/avr8/avr8-gnu-toolchain/bin/../lib/gcc/avr/5.4.0/avr5\libgcc.a(_udivmodsi4.o)
 .text.libgcc.fixed
                0x00000000        0x0 c:/program files (x86)/atmel/studio/7.0/toolchain/avr8/avr8-gnu-toolchain/bin/../lib/gcc/avr/5.4.0/avr5\libgcc.a(_udivmodsi4.o)
 .text          0x00000000        0x0 c:/program files (x86)/atmel/studio/7.0/toolchain/avr8/avr8-gnu-toolchain/bin/../lib/gcc/avr/5.4.0/avr5\libgcc.a(_exit.o)
 .data          0x00000000        0x0 c:/program files (x86)/atmel/studio/7.0/toolchain/avr8/avr8-gnu-toolchain/bin/../lib/gcc/avr/5.4.0/avr5\libgcc.a(_exit.o)
 .bss           0x00000000        0x0 c:/program files (x86)/atmel/studio/7.0/toolchain/avr8/avr8-gnu-toolchain/bin/../lib/gcc/avr/5.4.0/avr5\libgcc.a(_exit.o)
 .text.libgcc.mul
                0x00000000        0x0 c:/program files (x86)/atmel/studio/7.0/toolchain/avr8/avr8-gnu-toolchain/bin/../lib/gcc/avr/5.4.0/avr5\libgcc.a(_exit.o)
 .text.libgcc.div
                0x00000000        0x0 c:/program files (x86)/atmel/studio/7.0/toolchain/avr8/avr8-gnu-toolchain/bin/../lib/gcc/avr/5.4.0/avr5\libgcc.a(_exit.o)
 .text.libgcc   0x00000000        0x0 c:/program files (x86)/atmel/studio/7.0/toolchain/avr8/avr8-gnu-toolchain/bin/../lib/gcc/avr/5.4.0/avr5\libgcc.a(_exit.o)
 .text.libgcc.prologue
                0x00000000        0x0 c:/program files (x86)/atmel/studio/7.0/toolchain/avr8/avr8-gnu-toolchain/bin/../lib/gcc/avr/5.4.0/avr5\libgcc.a(_exit.o)
 .text.libgcc.builtins
                0x00000000        0x0 c:/program files (x86)/atmel/studio/7.0/toolchain/avr8/avr8-gnu-toolchain/bin/../lib/gcc/avr/5.4.0/avr5\libgcc.a(_exit.o)
 .text.libgcc.fmul
                0x00000000        0x0 c:/program files (x86)/atmel/studio/7.0/toolchain/avr8/avr8-gnu-toolchain/bin/../lib/gcc/avr/5.4.0/avr5\libgcc.a(_exit.o)
 .text.libgcc.fixed
                0x00000000        0x0 c:/program files (x86)/atmel/studio/7.0/toolchain/avr8/avr8-gnu-toolchain/bin/../lib/gcc/avr/5.4.0/avr5\libgcc.a(_exit.o)
 .text          0x00000000        0x0 c:/program files (x86)/atmel/studio/7.0/toolchain/avr8/avr8-gnu-toolchain/bin/../lib/gcc/avr/5.4.0/avr5\libgcc.a(_copy_data.o)
 .data          0x00000000        0x0 c:/program files (x86)/atmel/studio/7.0/toolchain/avr8/avr8-gnu-toolchain/bin/../lib/gcc/avr/5.4.0/avr5\libgcc.a(_copy_data.o)
 .bss           0x00000000        0x0 c:/program files (x86)/atmel/studio/7.0/toolchain/avr8/avr8-gnu-toolchain/bin/../lib/gcc/avr/5.4.0/avr5\libgcc.a(_copy_data.o)
 .text.libgcc.mul
                0x00000000        0x0 c:/program files (x86)/atmel/studio/7.0/toolchain/avr8/avr8-gnu-toolchain/bin/../lib/gcc/avr/5.4.0/avr5\libgcc.a(_copy_data.o)
 .text.libgcc.div
                0x00000000        0x0 c:/program files (x86)/atmel/studio/7.0/toolchain/avr8/avr8-gnu-toolchain/bin/../lib/gcc/avr/5.4.0/avr5\libgcc.a(_copy_data.o)
 .text.libgcc   0x00000000        0x0 c:/program files (x86)/atmel/studio/7.0/toolchain/avr8/avr8-gnu-toolchain/bin/../lib/gcc/avr/5.4.0/avr5\libgcc.a(_copy_data.o)
 .text.libgcc.prologue
                0x00000000        0x0 c:/program files (x86)/atmel/studio/7.0/toolchain/avr8/avr8-gnu-toolchain/bin/../lib/gcc/avr/5.4.0/avr5\libgcc.a(_copy_data.o)
 .text.libgcc.builtins
                0x00000000        0x0 c:/program files (x86)/atmel/studio/7.0/toolchain/avr8/avr8-gnu-toolchain/bin/../lib/gcc/avr/5.4.0/avr5\libgcc.a(_copy_data.o)
 .text.libgcc.fmul
                0x00000000        0x0 c:/program files (x86)/atmel/studio/7.0/toolchain/avr8/avr8-gnu-toolchain/bin/../lib/gcc/avr/5.4.0/avr5\libgcc.a(_copy_data.o)
 .text.libgcc.fixed
                0x00000000        0x0 c:/program files (x86)/atmel/studio/7.0/toolchain/avr8/avr8-gnu-toolchain/bin/../lib/gcc/avr/5.4.0/avr5\libgcc.a(_copy_data.o)
 .text          0x00000000        0x0 c:/program files (x86)/atmel/studio/7.0/toolchain/avr8/avr8-gnu-toolchain/bin/../lib/gcc/avr/5.4.0/avr5\libgcc.a(_clear_bss.o)
 .data          0x00000000        0x0 c:/program files (x86)/atmel/studio/7.0/toolchain/avr8/avr8-gnu-toolchain/bin/../lib/gcc/avr/5.4.0/avr5\libgcc.a(_clear_bss.o)
 .bss           0x00000000        0x0 c:/program files (x86)/atmel/studio/7.0/toolchain/avr8/avr8-gnu-toolchain/bin/../lib/gcc/avr/5.4.0/avr5\libgcc.a(_clear_bss.o)
 .text.libgcc.mul
                0x00000000        0x0 c:/program files (x86)/atmel/studio/7.0/toolchain/avr8/avr8-gnu-toolchain/bin/../lib/gcc/avr/5.4.0/avr5\libgcc.a(_clear_bss.o)
 .text.libgcc.div
                0x00000000        0x0 c:/program files (x86)/atmel/studio/7.0/toolchain/avr8/avr8-gnu-toolchain/bin/../lib/gcc/avr/5.4.0/avr5\libgcc.a(_clear_bss.o)
 .text.libgcc   0x00000000        0x0 c:/program files (x86)/atmel/studio/7.0/toolchain/avr8/avr8-gnu-toolchain/bin/../lib/gcc/avr/5.4.0/avr5\libgcc.a(_clear_bss.o)
 .text.libgcc.prologue
                0x00000000        0x0 c:/program files (x86)/atmel/studio/7.0/toolchain/avr8/avr8-gnu-toolchain/bin/../lib/gcc/avr/5.4.0/avr5\libgcc.a(_clear_bss.o)
 .text.libgcc.builtins
                0x00000000        0x0 c:/program files (x86)/atmel/studio/7.0/toolchain/avr8/avr8-gnu-toolchain/bin/../lib/gcc/avr/5.4.0/avr5\libgcc.a(_clear_bss.o)
 .text.libgcc.fmul
                0x00000000        0x0 c:/program files (x86)/atmel/studio/7.0/toolchain/avr8/avr8-gnu-toolchain/bin/../lib/gcc/avr/5.4.0/avr5\libgcc.a(_clear_bss.o)
 .text.libgcc.fixed
                0x00000000        0x0 c:/program files (x86)/atmel/studio/7.0/toolchain/avr8/avr8-gnu-toolchain/bin/../lib/gcc/avr/5.4.0/avr5\libgcc.a(_clear_bss.o)
 .text          0x00000000        0x0 c:/program files (x86)/atmel/studio/7.0/toolchain/avr8/avr8-gnu-toolchain/bin/../lib/gcc/avr/5.4.0/avr5\libgcc.a(_ashrdi3.o)
 .data          0x00000000        0x0 c:/program files (x86)/atmel/studio/7.0/toolchain/avr8/avr8-gnu-toolchain/bin/../lib/gcc/avr/5.4.0/avr5\libgcc.a(_ashrdi3.o)
 .bss           0x00000000        0x0 c:/program files (x86)/atmel/studio/7.0/toolchain/avr8/avr8-gnu-toolchain/bin/../lib/gcc/avr/5.4.0/avr5\libgcc.a(_ashrdi3.o)
 .text.libgcc.mul
                0x00000000        0x0 c:/program files (x86)/atmel/studio/7.0/toolchain/avr8/avr8-gnu-toolchain/bin/../lib/gcc/avr/5.4.0/avr5\libgcc.a(_ashrdi3.o)
 .text.libgcc.div
                0x00000000        0x0 c:/program files (x86)/atmel/studio/7.0/toolchain/avr8/avr8-gnu-toolchain/bin/../lib/gcc/avr/5.4.0/avr5\libgcc.a(_ashrdi3.o)
 .text.libgcc   0x00000000        0x0 c:/program files (x86)/atmel/studio/7.0/toolchain/avr8/avr8-gnu-toolchain/bin/../lib/gcc/avr/5.4.0/avr5\libgcc.a(_ashrdi3.o)
 .text.libgcc.prologue
                0x00000000        0x0 c:/program files (x86)/atmel/studio/7.0/toolchain/avr8/avr8-gnu-toolchain/bin/../lib/gcc/avr/5.4.0/avr5\libgcc.a(_ashrdi3.o)
 .text.libgcc.fmul
                0x00000000        0x0 c:/program files (x86)/atmel/studio/7.0/toolchain/avr8/avr8-gnu-toolchain/bin/../lib/gcc/avr/5.4.0/avr5\libgcc.a(_ashrdi3.o)
 .text.libgcc.fixed
                0x00000000        0x0 c:/program files (x86)/atmel/studio/7.0/toolchain/avr8/avr8-gnu-toolchain/bin/../lib/gcc/avr/5.4.0/avr5\libgcc.a(_ashrdi3.o)
 .text          0x00000000        0x0 c:/program files (x86)/atmel/studio/7.0/toolchain/avr8/avr8-gnu-toolchain/bin/../lib/gcc/avr/5.4.0/avr5\libgcc.a(_adddi3_s8.o)
 .data          0x00000000        0x0 c:/program files (x86)/atmel/studio/7.0/toolchain/avr8/avr8-gnu-toolchain/bin/../lib/gcc/avr/5.4.0/avr5\libgcc.a(_adddi3_s8.o)
 .bss           0x00000000        0x0 c:/program files (x86)/atmel/studio/7.0/toolchain/avr8/avr8-gnu-toolchain/bin/../lib/gcc/avr/5.4.0/avr5\libgcc.a(_adddi3_s8.o)
 .text.libgcc.mul
                0x00000000        0x0 c:/program files (x86)/atmel/studio/7.0/toolchain/avr8/avr8-gnu-toolchain/bin/../lib/gcc/avr/5.4.0/avr5\libgcc.a(_adddi3_s8.o)
 .text.libgcc.div
                0x00000000        0x0 c:/program files (x86)/atmel/studio/7.0/toolchain/avr8/avr8-gnu-toolchain/bin/../lib/gcc/avr/5.4.0/avr5\libgcc.a(_adddi3_s8.o)
 .text.libgcc.prologue
                0x00000000        0x0 c:/program files (x86)/atmel/studio/7.0/toolchain/avr8/avr8-gnu-toolchain/bin/../lib/gcc/avr/5.4.0/avr5\libgcc.a(_adddi3_s8.o)
 .text.libgcc.builtins
                0x00000000        0x0 c:/program files (x86)/atmel/studio/7.0/toolchain/avr8/avr8-gnu-toolchain/bin/../lib/gcc/avr/5.4.0/avr5\libgcc.a(_adddi3_s8.o)
 .text.libgcc.fmul
                0x00000000        0x0 c:/program files (x86)/atmel/studio/7.0/toolchain/avr8/avr8-gnu-toolchain/bin/../lib/gcc/avr/5.4.0/avr5\libgcc.a(_adddi3_s8.o)
 .text.libgcc.fixed
                0x00000000        0x0 c:/program files (x86)/atmel/studio/7.0/toolchain/avr8/avr8-gnu-toolchain/bin/../lib/gcc/avr/5.4.0/avr5\libgcc.a(_adddi3_s8.o)

Memory Configuration

Name             Origin             Length             Attributes
text             0x00000000         0x00020000         xr
data             0x00800060         0x0000ffa0         rw !x
eeprom           0x00810000         0x00010000         rw !x
fuse             0x00820000         0x00000003         rw !x
lock             0x00830000         0x00000400         rw !x
signature        0x00840000         0x00000400         rw !x
user_signatures  0x00850000         0x00000400         rw !x
*default*        0x00000000         0xffffffff

Linker script and memory map

Address of section .data set to 0x800100
LOAD C:/Program Files (x86)/Atmel/Studio/7.0/Packs/Atmel/ATmega_DFP/1.3.300/gcc/dev/atmega328p/avr5/crtatmega328p.o
LOAD main.o
LOAD MorphConfigurations/MorphConfigATmega324PB.o
LOAD MorphConfigurations/MorphConfigATmega328-28dip.o
LOAD MorphConfigurations/MorphConfigATmega328-32pin.o
LOAD MorphConfigurations/MorphConfigSAMD21.o
LOAD MorphConfigurations/MorphConfigSAMD21E18A.o
LOAD MorphConfigurations/MorphConfigSAMD21J18A-MU-ND.o
LOAD MorphConfigurations/MorphConfigSTM32F030.o
START GROUP
LOAD c:/program files (x86)/atmel/studio/7.0/toolchain/avr8/avr8-gnu-toolchain/bin/../lib/gcc/avr/5.4.0/../../../../avr/lib/avr5\libm.a
LOAD C:\Users\243400\Projects\lighting-exploration\MorphLibrary\MorphLibrary\Debug\libMorphLibrary.a
END GROUP
START GROUP
LOAD c:/program files (x86)/atmel/studio/7.0/toolchain/avr8/avr8-gnu-toolchain/bin/../lib/gcc/avr/5.4.0/avr5\libgcc.a
LOAD c:/program files (x86)/atmel/studio/7.0/toolchain/avr8/avr8-gnu-toolchain/bin/../lib/gcc/avr/5.4.0/../../../../avr/lib/avr5\libm.a
LOAD c:/program files (x86)/atmel/studio/7.0/toolchain/avr8/avr8-gnu-toolchain/bin/../lib/gcc/avr/5.4.0/../../../../avr/lib/avr5\libc.a
LOAD C:/Program Files (x86)/Atmel/Studio/7.0/Packs/Atmel/ATmega_DFP/1.3.300/gcc/dev/atmega328p/avr5\libatmega328p.a
END GROUP
                0x00020000                __TEXT_REGION_LENGTH__ = DEFINED (__TEXT_REGION_LENGTH__)?__TEXT_REGION_LENGTH__:0x20000
                0x0000ffa0                __DATA_REGION_LENGTH__ = DEFINED (__DATA_REGION_LENGTH__)?__DATA_REGION_LENGTH__:0xffa0
                0x00010000                __EEPROM_REGION_LENGTH__ = DEFINED (__EEPROM_REGION_LENGTH__)?__EEPROM_REGION_LENGTH__:0x10000
                [0x00000003]                __FUSE_REGION_LENGTH__ = DEFINED (__FUSE_REGION_LENGTH__)?__FUSE_REGION_LENGTH__:0x400
                0x00000400                __LOCK_REGION_LENGTH__ = DEFINED (__LOCK_REGION_LENGTH__)?__LOCK_REGION_LENGTH__:0x400
                0x00000400                __SIGNATURE_REGION_LENGTH__ = DEFINED (__SIGNATURE_REGION_LENGTH__)?__SIGNATURE_REGION_LENGTH__:0x400
                0x00000400                __USER_SIGNATURE_REGION_LENGTH__ = DEFINED (__USER_SIGNATURE_REGION_LENGTH__)?__USER_SIGNATURE_REGION_LENGTH__:0x400

.hash
 *(.hash)

.dynsym
 *(.dynsym)

.dynstr
 *(.dynstr)

.gnu.version
 *(.gnu.version)

.gnu.version_d
 *(.gnu.version_d)

.gnu.version_r
 *(.gnu.version_r)

.rel.init
 *(.rel.init)

.rela.init
 *(.rela.init)

.rel.text
 *(.rel.text)
 *(.rel.text.*)
 *(.rel.gnu.linkonce.t*)

.rela.text
 *(.rela.text)
 *(.rela.text.*)
 *(.rela.gnu.linkonce.t*)

.rel.fini
 *(.rel.fini)

.rela.fini
 *(.rela.fini)

.rel.rodata
 *(.rel.rodata)
 *(.rel.rodata.*)
 *(.rel.gnu.linkonce.r*)

.rela.rodata
 *(.rela.rodata)
 *(.rela.rodata.*)
 *(.rela.gnu.linkonce.r*)

.rel.data
 *(.rel.data)
 *(.rel.data.*)
 *(.rel.gnu.linkonce.d*)

.rela.data
 *(.rela.data)
 *(.rela.data.*)
 *(.rela.gnu.linkonce.d*)

.rel.ctors
 *(.rel.ctors)

.rela.ctors
 *(.rela.ctors)

.rel.dtors
 *(.rel.dtors)

.rela.dtors
 *(.rela.dtors)

.rel.got
 *(.rel.got)

.rela.got
 *(.rela.got)

.rel.bss
 *(.rel.bss)

.rela.bss
 *(.rela.bss)

.rel.plt
 *(.rel.plt)

.rela.plt
 *(.rela.plt)

.text           0x00000000     0x2490
 *(.vectors)
 .vectors       0x00000000       0x68 C:/Program Files (x86)/Atmel/Studio/7.0/Packs/Atmel/ATmega_DFP/1.3.300/gcc/dev/atmega328p/avr5/crtatmega328p.o
                0x00000000                __vector_default
                0x00000000                __vectors
 *(.vectors)
 *(.progmem.gcc*)
 .progmem.gcc_fplib
                0x00000068       0x1e c:/program files (x86)/atmel/studio/7.0/toolchain/avr8/avr8-gnu-toolchain/bin/../lib/gcc/avr/5.4.0/../../../../avr/lib/avr5\libm.a(fp_sinus.o)
                0x00000086                . = ALIGN (0x2)
                0x00000086                __trampolines_start = .
 *(.trampolines)
 .trampolines   0x00000086        0x0 linker stubs
 *(.trampolines*)
                0x00000086                __trampolines_end = .
 *libprintf_flt.a:*(.progmem.data)
 *libc.a:*(.progmem.data)
 *(.progmem*)
                0x00000086                . = ALIGN (0x2)
 *(.jumptables)
 *(.jumptables*)
 *(.lowtext)
 *(.lowtext*)
                0x00000086                __ctors_start = .
 *(.ctors)
                0x00000086                __ctors_end = .
                0x00000086                __dtors_start = .
 *(.dtors)
                0x00000086                __dtors_end = .
 SORT(*)(.ctors)
 SORT(*)(.dtors)
 *(.init0)
 .init0         0x00000086        0x0 C:/Program Files (x86)/Atmel/Studio/7.0/Packs/Atmel/ATmega_DFP/1.3.300/gcc/dev/atmega328p/avr5/crtatmega328p.o
                0x00000086                __init
 *(.init0)
 *(.init1)
 *(.init1)
 *(.init2)
 .init2         0x00000086        0xc C:/Program Files (x86)/Atmel/Studio/7.0/Packs/Atmel/ATmega_DFP/1.3.300/gcc/dev/atmega328p/avr5/crtatmega328p.o
 *(.init2)
 *(.init3)
 *(.init3)
 *(.init4)
 .init4         0x00000092       0x16 c:/program files (x86)/atmel/studio/7.0/toolchain/avr8/avr8-gnu-toolchain/bin/../lib/gcc/avr/5.4.0/avr5\libgcc.a(_copy_data.o)
                0x00000092                __do_copy_data
 .init4         0x000000a8       0x10 c:/program files (x86)/atmel/studio/7.0/toolchain/avr8/avr8-gnu-toolchain/bin/../lib/gcc/avr/5.4.0/avr5\libgcc.a(_clear_bss.o)
                0x000000a8                __do_clear_bss
 *(.init4)
 *(.init5)
 *(.init5)
 *(.init6)
 *(.init6)
 *(.init7)
 *(.init7)
 *(.init8)
 *(.init8)
 *(.init9)
 .init9         0x000000b8        0x8 C:/Program Files (x86)/Atmel/Studio/7.0/Packs/Atmel/ATmega_DFP/1.3.300/gcc/dev/atmega328p/avr5/crtatmega328p.o
 *(.init9)
 *(.text)
 .text          0x000000c0        0x4 C:/Program Files (x86)/Atmel/Studio/7.0/Packs/Atmel/ATmega_DFP/1.3.300/gcc/dev/atmega328p/avr5/crtatmega328p.o
                0x000000c0                __vector_22
                0x000000c0                __vector_1
                0x000000c0                __vector_24
                0x000000c0                __vector_12
                0x000000c0                __bad_interrupt
                0x000000c0                __vector_6
                0x000000c0                __vector_3
                0x000000c0                __vector_23
                0x000000c0                __vector_25
                0x000000c0                __vector_13
                0x000000c0                __vector_17
                0x000000c0                __vector_19
                0x000000c0                __vector_5
                0x000000c0                __vector_4
                0x000000c0                __vector_9
                0x000000c0                __vector_2
                0x000000c0                __vector_21
                0x000000c0                __vector_15
                0x000000c0                __vector_8
                0x000000c0                __vector_10
                0x000000c0                __vector_16
                0x000000c0                __vector_18
                0x000000c0                __vector_20
                0x000000c4                . = ALIGN (0x2)
 *(.text.*)
 .text.MorphConfig_init
                0x000000c4       0x14 main.o
 .text.main     0x000000d8      0x276 main.o
                0x000000d8                main
 .text.MorphUtils_empty_callback
                0x0000034e       0x10 MorphConfigurations/MorphConfigATmega328-28dip.o
 .text.__vector_14
                0x0000035e       0x62 MorphConfigurations/MorphConfigATmega328-28dip.o
                0x0000035e                __vector_14
 .text.__vector_11
                0x000003c0       0x62 MorphConfigurations/MorphConfigATmega328-28dip.o
                0x000003c0                __vector_11
 .text.__vector_7
                0x00000422       0x62 MorphConfigurations/MorphConfigATmega328-28dip.o
                0x00000422                __vector_7
 .text.morph_config_gpio_set_pin_direction
                0x00000484       0xc0 MorphConfigurations/MorphConfigATmega328-28dip.o
                0x00000484                morph_config_gpio_set_pin_direction
 .text.timer_update_millis
                0x00000544       0x96 MorphConfigurations/MorphConfigATmega328-28dip.o
                0x00000544                timer_update_millis
 .text.morph_config_time_init
                0x000005da       0x7e MorphConfigurations/MorphConfigATmega328-28dip.o
                0x000005da                morph_config_time_init
 .text.morph_config_time_millis
                0x00000658       0x6e MorphConfigurations/MorphConfigATmega328-28dip.o
                0x00000658                morph_config_time_millis
 .text.set_rate_8_bit
                0x000006c6      0x692 MorphConfigurations/MorphConfigATmega328-28dip.o
                0x000006c6                set_rate_8_bit
 .text.set_rate_16_bit
                0x00000d58      0x69a MorphConfigurations/MorphConfigATmega328-28dip.o
                0x00000d58                set_rate_16_bit
 .text.morph_config_timer_acquire_timer
                0x000013f2       0x70 MorphConfigurations/MorphConfigATmega328-28dip.o
                0x000013f2                morph_config_timer_acquire_timer
 .text.morph_config_timer_set_rate
                0x00001462       0xbe MorphConfigurations/MorphConfigATmega328-28dip.o
                0x00001462                morph_config_timer_set_rate
 .text.morph_config_timer_set_timer_callback
                0x00001520      0x12c MorphConfigurations/MorphConfigATmega328-28dip.o
                0x00001520                morph_config_timer_set_timer_callback
 .text.set_pwm_raw_8_bit
                0x0000164c       0xac MorphConfigurations/MorphConfigATmega328-28dip.o
                0x0000164c                set_pwm_raw_8_bit
 .text.morph_config_pwm_start_pwm
                0x000016f8      0x4a4 MorphConfigurations/MorphConfigATmega328-28dip.o
                0x000016f8                morph_config_pwm_start_pwm
 .text.morph_config_pwm_set_pwm_duty_float
                0x00001b9c       0xfa MorphConfigurations/MorphConfigATmega328-28dip.o
                0x00001b9c                morph_config_pwm_set_pwm_duty_float
 .text.morph_config_init
                0x00001c96       0x10 MorphConfigurations/MorphConfigATmega328-28dip.o
                0x00001c96                morph_config_init
 .text.avr-libc.fplib
                0x00001ca6        0xe c:/program files (x86)/atmel/studio/7.0/toolchain/avr8/avr8-gnu-toolchain/bin/../lib/gcc/avr/5.4.0/../../../../avr/lib/avr5\libm.a(addsf3.o)
                0x00001ca6                __subsf3
                0x00001ca8                __addsf3
 .text.avr-libc.fplib
                0x00001cb4       0xcc c:/program files (x86)/atmel/studio/7.0/toolchain/avr8/avr8-gnu-toolchain/bin/../lib/gcc/avr/5.4.0/../../../../avr/lib/avr5\libm.a(addsf3x.o)
                0x00001cd6                __addsf3x
 .text.avr-libc.fplib
                0x00001d80        0xa c:/program files (x86)/atmel/studio/7.0/toolchain/avr8/avr8-gnu-toolchain/bin/../lib/gcc/avr/5.4.0/../../../../avr/lib/avr5\libm.a(cmpsf2.o)
                0x00001d80                __nesf2
                0x00001d80                __eqsf2
                0x00001d80                __cmpsf2
                0x00001d80                __ltsf2
                0x00001d80                __lesf2
 .text.avr-libc.fplib
                0x00001d8a        0xa c:/program files (x86)/atmel/studio/7.0/toolchain/avr8/avr8-gnu-toolchain/bin/../lib/gcc/avr/5.4.0/../../../../avr/lib/avr5\libm.a(cos.o)
                0x00001d8a                cos
 .text.avr-libc.fplib
                0x00001d94        0x8 c:/program files (x86)/atmel/studio/7.0/toolchain/avr8/avr8-gnu-toolchain/bin/../lib/gcc/avr/5.4.0/../../../../avr/lib/avr5\libm.a(divsf3.o)
                0x00001d94                __divsf3
 .text.avr-libc.fplib
                0x00001d9c       0xdc c:/program files (x86)/atmel/studio/7.0/toolchain/avr8/avr8-gnu-toolchain/bin/../lib/gcc/avr/5.4.0/../../../../avr/lib/avr5\libm.a(divsf3x.o)
                0x00001dbc                __divsf3x
                0x00001dc2                __divsf3_pse
 .text.avr-libc.fplib
                0x00001e78       0x78 c:/program files (x86)/atmel/studio/7.0/toolchain/avr8/avr8-gnu-toolchain/bin/../lib/gcc/avr/5.4.0/../../../../avr/lib/avr5\libm.a(fixsfdi.o)
                0x00001e78                __fixsfdi
                0x00001e82                __fixunssfdi
 .text.avr-libc.fplib
                0x00001ef0       0x5e c:/program files (x86)/atmel/studio/7.0/toolchain/avr8/avr8-gnu-toolchain/bin/../lib/gcc/avr/5.4.0/../../../../avr/lib/avr5\libm.a(fixunssfsi.o)
                0x00001ef0                __fixunssfsi
 .text.avr-libc.fplib
                0x00001f4e        0xc c:/program files (x86)/atmel/studio/7.0/toolchain/avr8/avr8-gnu-toolchain/bin/../lib/gcc/avr/5.4.0/../../../../avr/lib/avr5\libm.a(floatdisf.o)
                0x00001f4e                __floatdisf
 .text.avr-libc.fplib
                0x00001f5a       0x7a c:/program files (x86)/atmel/studio/7.0/toolchain/avr8/avr8-gnu-toolchain/bin/../lib/gcc/avr/5.4.0/../../../../avr/lib/avr5\libm.a(floatsisf.o)
                0x00001f5a                __floatunsisf
                0x00001f5e                __floatsisf
 .text.avr-libc.fplib
                0x00001fd4       0x7c c:/program files (x86)/atmel/studio/7.0/toolchain/avr8/avr8-gnu-toolchain/bin/../lib/gcc/avr/5.4.0/../../../../avr/lib/avr5\libm.a(floatundisf.o)
                0x00001fd4                __floatundisf
                0x00001fd6                __fp_di2sf
 .text.avr-libc.fplib
                0x00002050       0x3e c:/program files (x86)/atmel/studio/7.0/toolchain/avr8/avr8-gnu-toolchain/bin/../lib/gcc/avr/5.4.0/../../../../avr/lib/avr5\libm.a(fmax.o)
                0x00002050                fmax
 .text.avr-libc.fplib
                0x0000208e       0x3e c:/program files (x86)/atmel/studio/7.0/toolchain/avr8/avr8-gnu-toolchain/bin/../lib/gcc/avr/5.4.0/../../../../avr/lib/avr5\libm.a(fmin.o)
                0x0000208e                fmin
 .text.avr-libc.fplib
                0x000020cc       0x48 c:/program files (x86)/atmel/studio/7.0/toolchain/avr8/avr8-gnu-toolchain/bin/../lib/gcc/avr/5.4.0/../../../../avr/lib/avr5\libm.a(fp_cmp.o)
                0x000020cc                __fp_cmp
 .text.avr-libc.fplib
                0x00002114        0xc c:/program files (x86)/atmel/studio/7.0/toolchain/avr8/avr8-gnu-toolchain/bin/../lib/gcc/avr/5.4.0/../../../../avr/lib/avr5\libm.a(fp_inf.o)
                0x00002114                __fp_inf
 .text.avr-libc.fplib
                0x00002120        0x6 c:/program files (x86)/atmel/studio/7.0/toolchain/avr8/avr8-gnu-toolchain/bin/../lib/gcc/avr/5.4.0/../../../../avr/lib/avr5\libm.a(fp_nan.o)
                0x00002120                __fp_nan
 .text.avr-libc.fplib
                0x00002126       0x20 c:/program files (x86)/atmel/studio/7.0/toolchain/avr8/avr8-gnu-toolchain/bin/../lib/gcc/avr/5.4.0/../../../../avr/lib/avr5\libm.a(fp_negdi.o)
                0x00002126                __fp_negdi
 .text.avr-libc.fplib
                0x00002146        0xe c:/program files (x86)/atmel/studio/7.0/toolchain/avr8/avr8-gnu-toolchain/bin/../lib/gcc/avr/5.4.0/../../../../avr/lib/avr5\libm.a(fp_pscA.o)
                0x00002146                __fp_pscA
 .text.avr-libc.fplib
                0x00002154        0xe c:/program files (x86)/atmel/studio/7.0/toolchain/avr8/avr8-gnu-toolchain/bin/../lib/gcc/avr/5.4.0/../../../../avr/lib/avr5\libm.a(fp_pscB.o)
                0x00002154                __fp_pscB
 .text.avr-libc.fplib
                0x00002162       0x56 c:/program files (x86)/atmel/studio/7.0/toolchain/avr8/avr8-gnu-toolchain/bin/../lib/gcc/avr/5.4.0/../../../../avr/lib/avr5\libm.a(fp_rempio2.o)
                0x00002166                __fp_rempio2
 .text.avr-libc.fplib
                0x000021b8       0x22 c:/program files (x86)/atmel/studio/7.0/toolchain/avr8/avr8-gnu-toolchain/bin/../lib/gcc/avr/5.4.0/../../../../avr/lib/avr5\libm.a(fp_round.o)
                0x000021b8                __fp_round
 .text.avr-libc.fplib
                0x000021da       0x28 c:/program files (x86)/atmel/studio/7.0/toolchain/avr8/avr8-gnu-toolchain/bin/../lib/gcc/avr/5.4.0/../../../../avr/lib/avr5\libm.a(fp_sinus.o)
                0x000021da                __fp_sinus
 .text.avr-libc.fplib
                0x00002202       0x44 c:/program files (x86)/atmel/studio/7.0/toolchain/avr8/avr8-gnu-toolchain/bin/../lib/gcc/avr/5.4.0/../../../../avr/lib/avr5\libm.a(fp_split3.o)
                0x00002202                __fp_split3
                0x00002212                __fp_splitA
 .text.avr-libc.fplib
                0x00002246        0xe c:/program files (x86)/atmel/studio/7.0/toolchain/avr8/avr8-gnu-toolchain/bin/../lib/gcc/avr/5.4.0/../../../../avr/lib/avr5\libm.a(fp_zero.o)
                0x00002246                __fp_zero
                0x00002248                __fp_szero
 .text.avr-libc.fplib
                0x00002254        0x8 c:/program files (x86)/atmel/studio/7.0/toolchain/avr8/avr8-gnu-toolchain/bin/../lib/gcc/avr/5.4.0/../../../../avr/lib/avr5\libm.a(mulsf3.o)
                0x00002254                __mulsf3
 .text.avr-libc.fplib
                0x0000225c       0xd2 c:/program files (x86)/atmel/studio/7.0/toolchain/avr8/avr8-gnu-toolchain/bin/../lib/gcc/avr/5.4.0/../../../../avr/lib/avr5\libm.a(mulsf3x.o)
                0x0000227a                __mulsf3x
                0x00002280                __mulsf3_pse
 .text.avr-libc.fplib
                0x0000232e       0x1c c:/program files (x86)/atmel/studio/7.0/toolchain/avr8/avr8-gnu-toolchain/bin/../lib/gcc/avr/5.4.0/../../../../avr/lib/avr5\libm.a(fp_mpack.o)
                0x0000232e                __fp_mpack
                0x00002332                __fp_mpack_finite
 .text.avr-libc.fplib
                0x0000234a       0x28 c:/program files (x86)/atmel/studio/7.0/toolchain/avr8/avr8-gnu-toolchain/bin/../lib/gcc/avr/5.4.0/../../../../avr/lib/avr5\libm.a(fp_powsodd.o)
                0x0000234a                __fp_powsodd
 .text.avr-libc.fplib
                0x00002372       0x4e c:/program files (x86)/atmel/studio/7.0/toolchain/avr8/avr8-gnu-toolchain/bin/../lib/gcc/avr/5.4.0/../../../../avr/lib/avr5\libm.a(fp_powser.o)
                0x00002372                __fp_powser
 .text.MorphPWM_start_pwm
                0x000023c0        0xc C:\Users\243400\Projects\lighting-exploration\MorphLibrary\MorphLibrary\Debug\libMorphLibrary.a(MorphPWM.o)
                0x000023c0                MorphPWM_start_pwm
 .text.MorphPWM_set_pwm_duty_float
                0x000023cc        0xc C:\Users\243400\Projects\lighting-exploration\MorphLibrary\MorphLibrary\Debug\libMorphLibrary.a(MorphPWM.o)
                0x000023cc                MorphPWM_set_pwm_duty_float
 .text.MorphTime_init
                0x000023d8        0x6 C:\Users\243400\Projects\lighting-exploration\MorphLibrary\MorphLibrary\Debug\libMorphLibrary.a(MorphTime.o)
                0x000023d8                MorphTime_init
 .text.MorphTime_millis
                0x000023de       0x5a C:\Users\243400\Projects\lighting-exploration\MorphLibrary\MorphLibrary\Debug\libMorphLibrary.a(MorphTime.o)
                0x000023de                MorphTime_millis
 .text.libgcc.builtins
                0x00002438       0x3c c:/program files (x86)/atmel/studio/7.0/toolchain/avr8/avr8-gnu-toolchain/bin/../lib/gcc/avr/5.4.0/avr5\libgcc.a(_ashrdi3.o)
                0x00002438                __ashrdi3
                0x0000243c                __lshrdi3
 .text.libgcc   0x00002474       0x18 c:/program files (x86)/atmel/studio/7.0/toolchain/avr8/avr8-gnu-toolchain/bin/../lib/gcc/avr/5.4.0/avr5\libgcc.a(_adddi3_s8.o)
                0x00002474                __adddi3_s8
                0x0000248c                . = ALIGN (0x2)
 *(.fini9)
 .fini9         0x0000248c        0x0 c:/program files (x86)/atmel/studio/7.0/toolchain/avr8/avr8-gnu-toolchain/bin/../lib/gcc/avr/5.4.0/avr5\libgcc.a(_exit.o)
                0x0000248c                _exit
                0x0000248c                exit
 *(.fini9)
 *(.fini8)
 *(.fini8)
 *(.fini7)
 *(.fini7)
 *(.fini6)
 *(.fini6)
 *(.fini5)
 *(.fini5)
 *(.fini4)
 *(.fini4)
 *(.fini3)
 *(.fini3)
 *(.fini2)
 *(.fini2)
 *(.fini1)
 *(.fini1)
 *(.fini0)
 .fini0         0x0000248c        0x4 c:/program files (x86)/atmel/studio/7.0/toolchain/avr8/avr8-gnu-toolchain/bin/../lib/gcc/avr/5.4.0/avr5\libgcc.a(_exit.o)
 *(.fini0)
                0x00002490                _etext = .

.data           0x00800100      0x16e load address 0x00002490
                0x00800100                PROVIDE (__data_start, .)
 *(.data)
 *(.data*)
 .data.pin_defs
                0x00800100      0x134 MorphConfigurations/MorphConfigATmega328-28dip.o
                0x00800100                pin_defs
 .data.timer_configs_8_bit
                0x00800234       0x1c MorphConfigurations/MorphConfigATmega328-28dip.o
                0x00800234                timer_configs_8_bit
 .data.timer_configs_16_bit
                0x00800250       0x14 MorphConfigurations/MorphConfigATmega328-28dip.o
                0x00800250                timer_configs_16_bit
 .data.timer_prescaler_values
                0x00800264        0xa MorphConfigurations/MorphConfigATmega328-28dip.o
                0x00800264                timer_prescaler_values
 *(.gnu.linkonce.d*)
 *(.rodata)
 *(.rodata*)
 *(.gnu.linkonce.r*)
                0x0080026e                . = ALIGN (0x2)
                0x0080026e                _edata = .
                0x0080026e                PROVIDE (__data_end, .)

.bss            0x0080026e        0x8
                0x0080026e                PROVIDE (__bss_start, .)
 *(.bss)
 *(.bss*)
 *(COMMON)
 COMMON         0x0080026e        0x8 MorphConfigurations/MorphConfigATmega328-28dip.o
                0x0080026e                millis_ticks
                0x00800276                PROVIDE (__bss_end, .)
                0x00002490                __data_load_start = LOADADDR (.data)
                0x000025fe                __data_load_end = (__data_load_start + SIZEOF (.data))

.noinit         0x00800276        0x0
                [!provide]                PROVIDE (__noinit_start, .)
 *(.noinit*)
                [!provide]                PROVIDE (__noinit_end, .)
                0x00800276                _end = .
                [!provide]                PROVIDE (__heap_start, .)

.eeprom         0x00810000        0x0
 *(.eeprom*)
                0x00810000                __eeprom_end = .

.fuse
 *(.fuse)
 *(.lfuse)
 *(.hfuse)
 *(.efuse)

.lock
 *(.lock*)

.signature
 *(.signature*)

.user_signatures
 *(.user_signatures*)

.stab
 *(.stab)

.stabstr
 *(.stabstr)

.stab.excl
 *(.stab.excl)

.stab.exclstr
 *(.stab.exclstr)

.stab.index
 *(.stab.index)

.stab.indexstr
 *(.stab.indexstr)

.comment        0x00000000       0x30
 *(.comment)
 .comment       0x00000000       0x30 main.o
                                 0x31 (size before relaxing)
 .comment       0x00000030       0x31 MorphConfigurations/MorphConfigATmega328-28dip.o
 .comment       0x00000030       0x31 C:\Users\243400\Projects\lighting-exploration\MorphLibrary\MorphLibrary\Debug\libMorphLibrary.a(MorphPWM.o)
 .comment       0x00000030       0x31 C:\Users\243400\Projects\lighting-exploration\MorphLibrary\MorphLibrary\Debug\libMorphLibrary.a(MorphTime.o)

.note.gnu.avr.deviceinfo
                0x00000000       0x40
 .note.gnu.avr.deviceinfo
                0x00000000       0x40 C:/Program Files (x86)/Atmel/Studio/7.0/Packs/Atmel/ATmega_DFP/1.3.300/gcc/dev/atmega328p/avr5/crtatmega328p.o

.note.gnu.build-id
 *(.note.gnu.build-id)

.debug
 *(.debug)

.line
 *(.line)

.debug_srcinfo
 *(.debug_srcinfo)

.debug_sfnames
 *(.debug_sfnames)

.debug_aranges  0x00000000      0x320
 *(.debug_aranges)
 .debug_aranges
                0x00000000       0x30 main.o
 .debug_aranges
                0x00000030      0x230 MorphConfigurations/MorphConfigATmega328-28dip.o
 .debug_aranges
                0x00000260       0x90 C:\Users\243400\Projects\lighting-exploration\MorphLibrary\MorphLibrary\Debug\libMorphLibrary.a(MorphPWM.o)
 .debug_aranges
                0x000002f0       0x30 C:\Users\243400\Projects\lighting-exploration\MorphLibrary\MorphLibrary\Debug\libMorphLibrary.a(MorphTime.o)

.debug_pubnames
 *(.debug_pubnames)

.debug_info     0x00000000     0x2625
 *(.debug_info .gnu.linkonce.wi.*)
 .debug_info    0x00000000      0x5f4 C:/Program Files (x86)/Atmel/Studio/7.0/Packs/Atmel/ATmega_DFP/1.3.300/gcc/dev/atmega328p/avr5/crtatmega328p.o
 .debug_info    0x000005f4      0x10c main.o
 .debug_info    0x00000700     0x1750 MorphConfigurations/MorphConfigATmega328-28dip.o
 .debug_info    0x00001e50      0x66e C:\Users\243400\Projects\lighting-exploration\MorphLibrary\MorphLibrary\Debug\libMorphLibrary.a(MorphPWM.o)
 .debug_info    0x000024be      0x167 C:\Users\243400\Projects\lighting-exploration\MorphLibrary\MorphLibrary\Debug\libMorphLibrary.a(MorphTime.o)

.debug_abbrev   0x00000000      0xa97
 *(.debug_abbrev)
 .debug_abbrev  0x00000000      0x5a2 C:/Program Files (x86)/Atmel/Studio/7.0/Packs/Atmel/ATmega_DFP/1.3.300/gcc/dev/atmega328p/avr5/crtatmega328p.o
 .debug_abbrev  0x000005a2       0x97 main.o
 .debug_abbrev  0x00000639      0x27d MorphConfigurations/MorphConfigATmega328-28dip.o
 .debug_abbrev  0x000008b6      0x119 C:\Users\243400\Projects\lighting-exploration\MorphLibrary\MorphLibrary\Debug\libMorphLibrary.a(MorphPWM.o)
 .debug_abbrev  0x000009cf       0xc8 C:\Users\243400\Projects\lighting-exploration\MorphLibrary\MorphLibrary\Debug\libMorphLibrary.a(MorphTime.o)

.debug_line     0x00000000     0x1484
 *(.debug_line .debug_line.* .debug_line_end)
 .debug_line    0x00000000      0x133 C:/Program Files (x86)/Atmel/Studio/7.0/Packs/Atmel/ATmega_DFP/1.3.300/gcc/dev/atmega328p/avr5/crtatmega328p.o
 .debug_line    0x00000133      0x13b main.o
 .debug_line    0x0000026e      0xf12 MorphConfigurations/MorphConfigATmega328-28dip.o
 .debug_line    0x00001180      0x23e C:\Users\243400\Projects\lighting-exploration\MorphLibrary\MorphLibrary\Debug\libMorphLibrary.a(MorphPWM.o)
 .debug_line    0x000013be       0xc6 C:\Users\243400\Projects\lighting-exploration\MorphLibrary\MorphLibrary\Debug\libMorphLibrary.a(MorphTime.o)

.debug_frame    0x00000000      0xc8c
 *(.debug_frame)
 .debug_frame   0x00000000       0x9c main.o
 .debug_frame   0x0000009c      0xa8c MorphConfigurations/MorphConfigATmega328-28dip.o
 .debug_frame   0x00000b28      0x110 C:\Users\243400\Projects\lighting-exploration\MorphLibrary\MorphLibrary\Debug\libMorphLibrary.a(MorphPWM.o)
 .debug_frame   0x00000c38       0x54 C:\Users\243400\Projects\lighting-exploration\MorphLibrary\MorphLibrary\Debug\libMorphLibrary.a(MorphTime.o)

.debug_str      0x00000000     0x1626
 *(.debug_str)
 .debug_str     0x00000000      0x208 C:/Program Files (x86)/Atmel/Studio/7.0/Packs/Atmel/ATmega_DFP/1.3.300/gcc/dev/atmega328p/avr5/crtatmega328p.o
 .debug_str     0x00000208      0x1bf main.o
                                0x1f9 (size before relaxing)
 .debug_str     0x000003c7      0xe7c MorphConfigurations/MorphConfigATmega328-28dip.o
                               0x10a3 (size before relaxing)
 .debug_str     0x00001243      0x394 C:\Users\243400\Projects\lighting-exploration\MorphLibrary\MorphLibrary\Debug\libMorphLibrary.a(MorphPWM.o)
                                0x55c (size before relaxing)
 .debug_str     0x000015d7       0x4f C:\Users\243400\Projects\lighting-exploration\MorphLibrary\MorphLibrary\Debug\libMorphLibrary.a(MorphTime.o)
                                0x24e (size before relaxing)

.debug_loc      0x00000000     0x1b56
 *(.debug_loc)
 .debug_loc     0x00000000      0x125 main.o
 .debug_loc     0x00000125     0x17b7 MorphConfigurations/MorphConfigATmega328-28dip.o
 .debug_loc     0x000018dc      0x1f1 C:\Users\243400\Projects\lighting-exploration\MorphLibrary\MorphLibrary\Debug\libMorphLibrary.a(MorphPWM.o)
 .debug_loc     0x00001acd       0x89 C:\Users\243400\Projects\lighting-exploration\MorphLibrary\MorphLibrary\Debug\libMorphLibrary.a(MorphTime.o)

.debug_macinfo
 *(.debug_macinfo)

.debug_weaknames
 *(.debug_weaknames)

.debug_funcnames
 *(.debug_funcnames)

.debug_typenames
 *(.debug_typenames)

.debug_varnames
 *(.debug_varnames)

.debug_pubtypes
 *(.debug_pubtypes)

.debug_ranges   0x00000000      0x2f8
 *(.debug_ranges)
 .debug_ranges  0x00000000       0x20 main.o
 .debug_ranges  0x00000020      0x238 MorphConfigurations/MorphConfigATmega328-28dip.o
 .debug_ranges  0x00000258       0x80 C:\Users\243400\Projects\lighting-exploration\MorphLibrary\MorphLibrary\Debug\libMorphLibrary.a(MorphPWM.o)
 .debug_ranges  0x000002d8       0x20 C:\Users\243400\Projects\lighting-exploration\MorphLibrary\MorphLibrary\Debug\libMorphLibrary.a(MorphTime.o)

.debug_macro
 *(.debug_macro)
OUTPUT(analog-rgb-spike.elf elf32-avr)
LOAD linker stubs
