Archive member included to satisfy reference by file (symbol)

c:/program files (x86)/atmel/studio/7.0/toolchain/avr8/avr8-gnu-toolchain/bin/../lib/gcc/avr/5.4.0/../../../../avr/lib/avr5\libm.a(addsf3.o)
                              Element/ElementThermistorControl.o (__subsf3)
c:/program files (x86)/atmel/studio/7.0/toolchain/avr8/avr8-gnu-toolchain/bin/../lib/gcc/avr/5.4.0/../../../../avr/lib/avr5\libm.a(addsf3x.o)
                              c:/program files (x86)/atmel/studio/7.0/toolchain/avr8/avr8-gnu-toolchain/bin/../lib/gcc/avr/5.4.0/../../../../avr/lib/avr5\libm.a(addsf3.o) (__addsf3x)
c:/program files (x86)/atmel/studio/7.0/toolchain/avr8/avr8-gnu-toolchain/bin/../lib/gcc/avr/5.4.0/../../../../avr/lib/avr5\libm.a(cmpsf2.o)
                              Element/ElementThermistorControl.o (__ltsf2)
c:/program files (x86)/atmel/studio/7.0/toolchain/avr8/avr8-gnu-toolchain/bin/../lib/gcc/avr/5.4.0/../../../../avr/lib/avr5\libm.a(cos.o)
                              app_animations.o (cos)
c:/program files (x86)/atmel/studio/7.0/toolchain/avr8/avr8-gnu-toolchain/bin/../lib/gcc/avr/5.4.0/../../../../avr/lib/avr5\libm.a(divsf3.o)
                              Element/ElementAnimationEngine.o (__divsf3)
c:/program files (x86)/atmel/studio/7.0/toolchain/avr8/avr8-gnu-toolchain/bin/../lib/gcc/avr/5.4.0/../../../../avr/lib/avr5\libm.a(divsf3x.o)
                              c:/program files (x86)/atmel/studio/7.0/toolchain/avr8/avr8-gnu-toolchain/bin/../lib/gcc/avr/5.4.0/../../../../avr/lib/avr5\libm.a(divsf3.o) (__divsf3x)
c:/program files (x86)/atmel/studio/7.0/toolchain/avr8/avr8-gnu-toolchain/bin/../lib/gcc/avr/5.4.0/../../../../avr/lib/avr5\libm.a(fixsfdi.o)
                              Element/ElementAnimationEngine.o (__fixsfdi)
c:/program files (x86)/atmel/studio/7.0/toolchain/avr8/avr8-gnu-toolchain/bin/../lib/gcc/avr/5.4.0/../../../../avr/lib/avr5\libm.a(fixunssfsi.o)
                              app_animations.o (__fixunssfsi)
c:/program files (x86)/atmel/studio/7.0/toolchain/avr8/avr8-gnu-toolchain/bin/../lib/gcc/avr/5.4.0/../../../../avr/lib/avr5\libm.a(floatdisf.o)
                              Element/ElementThermistorControl.o (__floatdisf)
c:/program files (x86)/atmel/studio/7.0/toolchain/avr8/avr8-gnu-toolchain/bin/../lib/gcc/avr/5.4.0/../../../../avr/lib/avr5\libm.a(floatsisf.o)
                              Element/ElementAnimationEngine.o (__floatunsisf)
c:/program files (x86)/atmel/studio/7.0/toolchain/avr8/avr8-gnu-toolchain/bin/../lib/gcc/avr/5.4.0/../../../../avr/lib/avr5\libm.a(floatundisf.o)
                              MorphConfigurations/MorphConfigATmega328-28dip.o (__floatundisf)
c:/program files (x86)/atmel/studio/7.0/toolchain/avr8/avr8-gnu-toolchain/bin/../lib/gcc/avr/5.4.0/../../../../avr/lib/avr5\libm.a(fmax.o)
                              MorphConfigurations/MorphConfigATmega328-28dip.o (fmax)
c:/program files (x86)/atmel/studio/7.0/toolchain/avr8/avr8-gnu-toolchain/bin/../lib/gcc/avr/5.4.0/../../../../avr/lib/avr5\libm.a(fmin.o)
                              MorphConfigurations/MorphConfigATmega328-28dip.o (fmin)
c:/program files (x86)/atmel/studio/7.0/toolchain/avr8/avr8-gnu-toolchain/bin/../lib/gcc/avr/5.4.0/../../../../avr/lib/avr5\libm.a(fp_cmp.o)
                              c:/program files (x86)/atmel/studio/7.0/toolchain/avr8/avr8-gnu-toolchain/bin/../lib/gcc/avr/5.4.0/../../../../avr/lib/avr5\libm.a(cmpsf2.o) (__fp_cmp)
c:/program files (x86)/atmel/studio/7.0/toolchain/avr8/avr8-gnu-toolchain/bin/../lib/gcc/avr/5.4.0/../../../../avr/lib/avr5\libm.a(fp_inf.o)
                              c:/program files (x86)/atmel/studio/7.0/toolchain/avr8/avr8-gnu-toolchain/bin/../lib/gcc/avr/5.4.0/../../../../avr/lib/avr5\libm.a(addsf3x.o) (__fp_inf)
c:/program files (x86)/atmel/studio/7.0/toolchain/avr8/avr8-gnu-toolchain/bin/../lib/gcc/avr/5.4.0/../../../../avr/lib/avr5\libm.a(fp_nan.o)
                              c:/program files (x86)/atmel/studio/7.0/toolchain/avr8/avr8-gnu-toolchain/bin/../lib/gcc/avr/5.4.0/../../../../avr/lib/avr5\libm.a(addsf3x.o) (__fp_nan)
c:/program files (x86)/atmel/studio/7.0/toolchain/avr8/avr8-gnu-toolchain/bin/../lib/gcc/avr/5.4.0/../../../../avr/lib/avr5\libm.a(fp_negdi.o)
                              c:/program files (x86)/atmel/studio/7.0/toolchain/avr8/avr8-gnu-toolchain/bin/../lib/gcc/avr/5.4.0/../../../../avr/lib/avr5\libm.a(fixsfdi.o) (__fp_negdi)
c:/program files (x86)/atmel/studio/7.0/toolchain/avr8/avr8-gnu-toolchain/bin/../lib/gcc/avr/5.4.0/../../../../avr/lib/avr5\libm.a(fp_pscA.o)
                              c:/program files (x86)/atmel/studio/7.0/toolchain/avr8/avr8-gnu-toolchain/bin/../lib/gcc/avr/5.4.0/../../../../avr/lib/avr5\libm.a(addsf3x.o) (__fp_pscA)
c:/program files (x86)/atmel/studio/7.0/toolchain/avr8/avr8-gnu-toolchain/bin/../lib/gcc/avr/5.4.0/../../../../avr/lib/avr5\libm.a(fp_pscB.o)
[...]
Memory Configuration

Name             Origin             Length             Attributes
text             0x00000000         0x00020000         xr
data             0x00800060         0x0000ffa0         rw !x
eeprom           0x00810000         0x00010000         rw !x
fuse             0x00820000         0x00000003         rw !x
lock             0x00830000         0x00000400         rw !x
signature        0x00840000         0x00000400         rw !x
user_signatures  0x00850000         0x00000400         rw !x
*default*        0x00000000         0xffffffff

Linker script and memory map

Address of section .data set to 0x800100
LOAD C:/Program Files (x86)/Atmel/Studio/7.0/Packs/Atmel/ATmega_DFP/1.3.300/gcc/dev/atmega328p/avr5/crtatmega328p.o
LOAD Element/Element7Seg.o
LOAD Element/Element7SegGPIODriver.o
LOAD Element/ElementAnimationEngine.o
LOAD Element/ElementClock.o
LOAD Element/ElementDirectButton.o
LOAD Element/ElementGFX.o
LOAD Element/ElementThermistorControl.o
LOAD Element/ElementTimer.o
LOAD app_buttons.o
LOAD app_animations.o
LOAD app.o
LOAD app_states.o
LOAD main.o
LOAD MorphConfigurations/MorphConfigATmega324PB.o
LOAD MorphConfigurations/MorphConfigATmega328-28dip.o
LOAD MorphConfigurations/MorphConfigATmega328-32pin.o
LOAD MorphConfigurations/MorphConfigSAMD21.o
LOAD MorphConfigurations/MorphConfigSAMD21E18A.o
LOAD MorphConfigurations/MorphConfigSAMD21J18A-MU-ND.o
LOAD MorphConfigurations/MorphConfigSTM32F030.o
LOAD ws2812b.o
START GROUP
LOAD c:/program files (x86)/atmel/studio/7.0/toolchain/avr8/avr8-gnu-toolchain/bin/../lib/gcc/avr/5.4.0/../../../../avr/lib/avr5\libm.a
LOAD C:\Users\245845\Projects\lighting-exploration\MorphLibrary\MorphLibrary\Debug\libMorphLibrary.a
END GROUP
START GROUP
LOAD c:/program files (x86)/atmel/studio/7.0/toolchain/avr8/avr8-gnu-toolchain/bin/../lib/gcc/avr/5.4.0/avr5\libgcc.a
LOAD c:/program files (x86)/atmel/studio/7.0/toolchain/avr8/avr8-gnu-toolchain/bin/../lib/gcc/avr/5.4.0/../../../../avr/lib/avr5\libm.a
LOAD c:/program files (x86)/atmel/studio/7.0/toolchain/avr8/avr8-gnu-toolchain/bin/../lib/gcc/avr/5.4.0/../../../../avr/lib/avr5\libc.a
LOAD C:/Program Files (x86)/Atmel/Studio/7.0/Packs/Atmel/ATmega_DFP/1.3.300/gcc/dev/atmega328p/avr5\libatmega328p.a
END GROUP
                0x00020000                __TEXT_REGION_LENGTH__ = DEFINED (__TEXT_REGION_LENGTH__)?__TEXT_REGION_LENGTH__:0x20000
                0x0000ffa0                __DATA_REGION_LENGTH__ = DEFINED (__DATA_REGION_LENGTH__)?__DATA_REGION_LENGTH__:0xffa0
                0x00010000                __EEPROM_REGION_LENGTH__ = DEFINED (__EEPROM_REGION_LENGTH__)?__EEPROM_REGION_LENGTH__:0x10000
                [0x00000003]                __FUSE_REGION_LENGTH__ = DEFINED (__FUSE_REGION_LENGTH__)?__FUSE_REGION_LENGTH__:0x400
                0x00000400                __LOCK_REGION_LENGTH__ = DEFINED (__LOCK_REGION_LENGTH__)?__LOCK_REGION_LENGTH__:0x400
                0x00000400                __SIGNATURE_REGION_LENGTH__ = DEFINED (__SIGNATURE_REGION_LENGTH__)?__SIGNATURE_REGION_LENGTH__:0x400
                0x00000400                __USER_SIGNATURE_REGION_LENGTH__ = DEFINED (__USER_SIGNATURE_REGION_LENGTH__)?__USER_SIGNATURE_REGION_LENGTH__:0x400

.hash
 *(.hash)

.dynsym
 *(.dynsym)

.dynstr
 *(.dynstr)

.gnu.version
 *(.gnu.version)

.gnu.version_d
 *(.gnu.version_d)

.gnu.version_r
 *(.gnu.version_r)

.rel.init
 *(.rel.init)

.rela.init
 *(.rela.init)

.rel.text
 *(.rel.text)
 *(.rel.text.*)
 *(.rel.gnu.linkonce.t*)

.rela.text
 *(.rela.text)
 *(.rela.text.*)
 *(.rela.gnu.linkonce.t*)

.rel.fini
 *(.rel.fini)

.rela.fini
 *(.rela.fini)

.rel.rodata
 *(.rel.rodata)
 *(.rel.rodata.*)
 *(.rel.gnu.linkonce.r*)

.rela.rodata
 *(.rela.rodata)
 *(.rela.rodata.*)
 *(.rela.gnu.linkonce.r*)

.rel.data
 *(.rel.data)
 *(.rel.data.*)
 *(.rel.gnu.linkonce.d*)

.rela.data
 *(.rela.data)
 *(.rela.data.*)
 *(.rela.gnu.linkonce.d*)

.rel.ctors
 *(.rel.ctors)

.rela.ctors
 *(.rela.ctors)

.rel.dtors
 *(.rel.dtors)

.rela.dtors
 *(.rela.dtors)

.rel.got
 *(.rel.got)

.rela.got
 *(.rela.got)

.rel.bss
 *(.rel.bss)

.rela.bss
 *(.rela.bss)

.rel.plt
 *(.rel.plt)

.rela.plt
 *(.rela.plt)

.text           0x00000000     0x66fa
 *(.vectors)
 .vectors       0x00000000       0x68 C:/Program Files (x86)/Atmel/Studio/7.0/Packs/Atmel/ATmega_DFP/1.3.300/gcc/dev/atmega328p/avr5/crtatmega328p.o
                0x00000000                __vector_default
                0x00000000                __vectors
 *(.vectors)
 *(.progmem.gcc*)
 .progmem.gcc_fplib
                0x00000068       0x1e c:/program files (x86)/atmel/studio/7.0/toolchain/avr8/avr8-gnu-toolchain/bin/../lib/gcc/avr/5.4.0/../../../../avr/lib/avr5\libm.a(fp_sinus.o)
                0x00000086                . = ALIGN (0x2)
                0x00000086                __trampolines_start = .
 *(.trampolines)
 .trampolines   0x00000086        0x0 linker stubs
 *(.trampolines*)
                0x00000086                __trampolines_end = .
 *libprintf_flt.a:*(.progmem.data)
 *libc.a:*(.progmem.data)
 *(.progmem*)
                0x00000086                . = ALIGN (0x2)
 *(.jumptables)
 *(.jumptables*)
 *(.lowtext)
 *(.lowtext*)
                0x00000086                __ctors_start = .
 *(.ctors)
                0x00000086                __ctors_end = .
                0x00000086                __dtors_start = .
 *(.dtors)
                0x00000086                __dtors_end = .
 SORT(*)(.ctors)
 SORT(*)(.dtors)
 *(.init0)
 .init0         0x00000086        0x0 C:/Program Files (x86)/Atmel/Studio/7.0/Packs/Atmel/ATmega_DFP/1.3.300/gcc/dev/atmega328p/avr5/crtatmega328p.o
                0x00000086                __init
 *(.init0)
 *(.init1)
 *(.init1)
 *(.init2)
 .init2         0x00000086        0xc C:/Program Files (x86)/Atmel/Studio/7.0/Packs/Atmel/ATmega_DFP/1.3.300/gcc/dev/atmega328p/avr5/crtatmega328p.o
 *(.init2)
 *(.init3)
 *(.init3)
 *(.init4)
 .init4         0x00000092       0x16 c:/program files (x86)/atmel/studio/7.0/toolchain/avr8/avr8-gnu-toolchain/bin/../lib/gcc/avr/5.4.0/avr5\libgcc.a(_copy_data.o)
                0x00000092                __do_copy_data
 .init4         0x000000a8       0x10 c:/program files (x86)/atmel/studio/7.0/toolchain/avr8/avr8-gnu-toolchain/bin/../lib/gcc/avr/5.4.0/avr5\libgcc.a(_clear_bss.o)
                0x000000a8                __do_clear_bss
 *(.init4)
 *(.init5)
 *(.init5)
 *(.init6)
 *(.init6)
 *(.init7)
 *(.init7)
 *(.init8)
 *(.init8)
 *(.init9)
 .init9         0x000000b8        0x8 C:/Program Files (x86)/Atmel/Studio/7.0/Packs/Atmel/ATmega_DFP/1.3.300/gcc/dev/atmega328p/avr5/crtatmega328p.o
 *(.init9)
 *(.text)
 .text          0x000000c0        0x4 C:/Program Files (x86)/Atmel/Studio/7.0/Packs/Atmel/ATmega_DFP/1.3.300/gcc/dev/atmega328p/avr5/crtatmega328p.o
                0x000000c0                __vector_22
                0x000000c0                __vector_1
                0x000000c0                __vector_24
                0x000000c0                __vector_12
                0x000000c0                __bad_interrupt
                0x000000c0                __vector_6
                0x000000c0                __vector_3
                0x000000c0                __vector_23
                0x000000c0                __vector_25
                0x000000c0                __vector_13
                0x000000c0                __vector_17
                0x000000c0                __vector_19
                0x000000c0                __vector_5
                0x000000c0                __vector_4
                0x000000c0                __vector_9
                0x000000c0                __vector_2
                0x000000c0                __vector_21
                0x000000c0                __vector_15
                0x000000c0                __vector_8
                0x000000c0                __vector_10
                0x000000c0                __vector_16
                0x000000c0                __vector_18
                0x000000c0                __vector_20
                0x000000c4                . = ALIGN (0x2)
 *(.text.*)
 .text.ElementAnimationEngine_get_current_frame
                0x000000c4      0x342 Element/ElementAnimationEngine.o
                0x000000c4                ElementAnimationEngine_get_current_frame
 .text.isolate_bits
                0x00000406       0xc6 Element/ElementAnimationEngine.o
                0x00000406                isolate_bits
 .text.ElementAnimationEngine_access_bits
                0x000004cc      0x212 Element/ElementAnimationEngine.o
                0x000004cc                ElementAnimationEngine_access_bits
 .text.write_bits
                0x000006de      0x1e0 Element/ElementAnimationEngine.o
                0x000006de                write_bits
 .text.ElementAnimationEngine_write_bits
                0x000008be      0x18c Element/ElementAnimationEngine.o
                0x000008be                ElementAnimationEngine_write_bits
 .text.ElementAnimationEngine_get_max_bitdepth_value
                0x00000a4a       0xb8 Element/ElementAnimationEngine.o
                0x00000a4a                ElementAnimationEngine_get_max_bitdepth_value
 .text.ElementAnimationEngine_load_to_buffer
                0x00000b02      0x38c Element/ElementAnimationEngine.o
                0x00000b02                ElementAnimationEngine_load_to_buffer
 .text.ElementAnimationEngine_add_buffer
                0x00000e8e       0x84 Element/ElementAnimationEngine.o
                0x00000e8e                ElementAnimationEngine_add_buffer
 .text.ElementAnimationEngine_push_animation
                0x00000f12       0x60 Element/ElementAnimationEngine.o
                0x00000f12                ElementAnimationEngine_push_animation
 .text.ElementAnimationEngine_remove_animation
                0x00000f72       0xd4 Element/ElementAnimationEngine.o
                0x00000f72                ElementAnimationEngine_remove_animation
 .text.ElementAnimationEngine_remove_all_animations
                0x00001046       0x22 Element/ElementAnimationEngine.o
                0x00001046                ElementAnimationEngine_remove_all_animations
 .text.ElementAnimationEngine_update
                0x00001068      0x138 Element/ElementAnimationEngine.o
                0x00001068                ElementAnimationEngine_update
 .text.MorphUtils_empty_callback
                0x000011a0       0x10 Element/ElementDirectButton.o
 .text.find_button_id
                0x000011b0       0x68 Element/ElementDirectButton.o
                0x000011b0                find_button_id
 .text.clear_button_config
                0x00001218      0x106 Element/ElementDirectButton.o
                0x00001218                clear_button_config
 .text.ElementDirectButton_init
                0x0000131e       0x88 Element/ElementDirectButton.o
                0x0000131e                ElementDirectButton_init
 .text.ElementDirectButton_update
                0x000013a6      0x3ea Element/ElementDirectButton.o
                0x000013a6                ElementDirectButton_update
 .text.ElementDirectButton_register_button
                0x00001790       0xd0 Element/ElementDirectButton.o
                0x00001790                ElementDirectButton_register_button
 .text.ElementDirectButton_get_count
                0x00001860       0x12 Element/ElementDirectButton.o
                0x00001860                ElementDirectButton_get_count
 .text.ElementDirectButton_get_max_count
                0x00001872       0x10 Element/ElementDirectButton.o
                0x00001872                ElementDirectButton_get_max_count
 .text.ElementDirectButton_register_callback
                0x00001882      0x10a Element/ElementDirectButton.o
                0x00001882                ElementDirectButton_register_callback
 .text.coffeeProgress
                0x0000198c      0x1c0 app_animations.o
                0x0000198c                coffeeProgress
 .text.softFlash
                0x00001b4c      0x1f4 app_animations.o
                0x00001b4c                softFlash
 .text.sneakCupTimer
                0x00001d40      0x26a app_animations.o
                0x00001d40                sneakCupTimer
 .text.nightLightBlue
                0x00001faa      0x248 app_animations.o
                0x00001faa                nightLightBlue
 .text.start_state
                0x000021f2       0xd8 app_states.o
                0x000021f2                start_state
 .text.loop_state
                0x000022ca       0x22 app_states.o
                0x000022ca                loop_state
 .text.start_brew_demo
                0x000022ec       0x86 app_states.o
                0x000022ec                start_brew_demo
 .text.end_brew_demo
                0x00002372       0x92 app_states.o
                0x00002372                end_brew_demo
 .text.underbody_demo_advance
                0x00002404       0x38 app_states.o
                0x00002404                underbody_demo_advance
 .text.sneak_a_cup_start
                0x0000243c       0x94 app_states.o
                0x0000243c                sneak_a_cup_start
 .text.sneak_a_cup_end
                0x000024d0       0x36 app_states.o
                0x000024d0                sneak_a_cup_end
 .text.MorphConfig_init
                0x00002506      0x144 main.o
 .text.main     0x0000264a      0x29a main.o
                0x0000264a                main
 .text.MorphUtils_empty_callback
                0x000028e4       0x10 MorphConfigurations/MorphConfigATmega328-28dip.o
 .text.__vector_14
                0x000028f4       0x62 MorphConfigurations/MorphConfigATmega328-28dip.o
                0x000028f4                __vector_14
 .text.__vector_11
                0x00002956       0x62 MorphConfigurations/MorphConfigATmega328-28dip.o
                0x00002956                __vector_11
 .text.__vector_7
                0x000029b8       0x62 MorphConfigurations/MorphConfigATmega328-28dip.o
                0x000029b8                __vector_7
 .text.morph_config_gpio_set_pin_value
                0x00002a1a       0xc0 MorphConfigurations/MorphConfigATmega328-28dip.o
                0x00002a1a                morph_config_gpio_set_pin_value
 .text.morph_config_gpio_get_pin_value
                0x00002ada       0x90 MorphConfigurations/MorphConfigATmega328-28dip.o
                0x00002ada                morph_config_gpio_get_pin_value
 .text.morph_config_gpio_set_pin_direction
                0x00002b6a       0xc0 MorphConfigurations/MorphConfigATmega328-28dip.o
                0x00002b6a                morph_config_gpio_set_pin_direction
 .text.morph_config_gpio_get_pin_direction
                0x00002c2a       0x92 MorphConfigurations/MorphConfigATmega328-28dip.o
                0x00002c2a                morph_config_gpio_get_pin_direction
 .text.morph_config_gpio_set_pin_pull_state
                0x00002cbc       0xf2 MorphConfigurations/MorphConfigATmega328-28dip.o
                0x00002cbc                morph_config_gpio_set_pin_pull_state
 .text.morph_config_gpio_get_pin_pull_state
                0x00002dae       0x16 MorphConfigurations/MorphConfigATmega328-28dip.o
                0x00002dae                morph_config_gpio_get_pin_pull_state
 .text.morph_config_uart_setup_channel
                0x00002dc4       0x90 MorphConfigurations/MorphConfigATmega328-28dip.o
                0x00002dc4                morph_config_uart_setup_channel
 .text.morph_config_uart_send_data
                0x00002e54       0x20 MorphConfigurations/MorphConfigATmega328-28dip.o
                0x00002e54                morph_config_uart_send_data
 .text.morph_config_uart_read_data
                0x00002e74       0x16 MorphConfigurations/MorphConfigATmega328-28dip.o
                0x00002e74                morph_config_uart_read_data
 .text.morph_config_uart_send_byte
                0x00002e8a       0x3a MorphConfigurations/MorphConfigATmega328-28dip.o
                0x00002e8a                morph_config_uart_send_byte
 .text.morph_config_uart_read_byte
                0x00002ec4       0x16 MorphConfigurations/MorphConfigATmega328-28dip.o
                0x00002ec4                morph_config_uart_read_byte
 .text.morph_config_uart_write_data_buffer
                0x00002eda       0x2a MorphConfigurations/MorphConfigATmega328-28dip.o
                0x00002eda                morph_config_uart_write_data_buffer
 .text.morph_config_uart_write_byte_buffer
                0x00002f04       0x60 MorphConfigurations/MorphConfigATmega328-28dip.o
                0x00002f04                morph_config_uart_write_byte_buffer
 .text.morph_config_uart_read_data_buffer
                0x00002f64       0x42 MorphConfigurations/MorphConfigATmega328-28dip.o
                0x00002f64                morph_config_uart_read_data_buffer
 .text.morph_config_uart_read_byte_buffer
                0x00002fa6       0x42 MorphConfigurations/MorphConfigATmega328-28dip.o
                0x00002fa6                morph_config_uart_read_byte_buffer
 .text.morph_config_uart_data_ready
                0x00002fe8       0x16 MorphConfigurations/MorphConfigATmega328-28dip.o
                0x00002fe8                morph_config_uart_data_ready
 .text.timer_update_millis
                0x00002ffe       0x96 MorphConfigurations/MorphConfigATmega328-28dip.o
                0x00002ffe                timer_update_millis
 .text.morph_config_time_init
                0x00003094       0x7e MorphConfigurations/MorphConfigATmega328-28dip.o
                0x00003094                morph_config_time_init
 .text.morph_config_time_init_rtc
                0x00003112       0x10 MorphConfigurations/MorphConfigATmega328-28dip.o
                0x00003112                morph_config_time_init_rtc
 .text.morph_config_time_millis
                0x00003122       0x6e MorphConfigurations/MorphConfigATmega328-28dip.o
                0x00003122                morph_config_time_millis
 .text.set_rate_8_bit
                0x00003190      0x692 MorphConfigurations/MorphConfigATmega328-28dip.o
                0x00003190                set_rate_8_bit
 .text.set_rate_16_bit
                0x00003822      0x69a MorphConfigurations/MorphConfigATmega328-28dip.o
                0x00003822                set_rate_16_bit
 .text.morph_config_timer_acquire_timer
                0x00003ebc       0x70 MorphConfigurations/MorphConfigATmega328-28dip.o
                0x00003ebc                morph_config_timer_acquire_timer
 .text.morph_config_timer_release_timer
                0x00003f2c       0x1a MorphConfigurations/MorphConfigATmega328-28dip.o
                0x00003f2c                morph_config_timer_release_timer
 .text.morph_config_timer_set_rate
                0x00003f46       0xbe MorphConfigurations/MorphConfigATmega328-28dip.o
                0x00003f46                morph_config_timer_set_rate
 .text.morph_config_timer_set_timer_callback
                0x00004004      0x12c MorphConfigurations/MorphConfigATmega328-28dip.o
                0x00004004                morph_config_timer_set_timer_callback
 .text.set_pwm_raw_8_bit
                0x00004130       0xac MorphConfigurations/MorphConfigATmega328-28dip.o
                0x00004130                set_pwm_raw_8_bit
 .text.morph_config_pwm_start_pwm
                0x000041dc      0x4a4 MorphConfigurations/MorphConfigATmega328-28dip.o
                0x000041dc                morph_config_pwm_start_pwm
 .text.morph_config_pwm_stop_pwm
                0x00004680       0x16 MorphConfigurations/MorphConfigATmega328-28dip.o
                0x00004680                morph_config_pwm_stop_pwm
 .text.morph_config_pwm_set_pwm_duty_float
                0x00004696       0xfa MorphConfigurations/MorphConfigATmega328-28dip.o
                0x00004696                morph_config_pwm_set_pwm_duty_float
 .text.morph_config_pwm_set_pwm_duty_64bit
                0x00004790       0x42 MorphConfigurations/MorphConfigATmega328-28dip.o
                0x00004790                morph_config_pwm_set_pwm_duty_64bit
 .text.morph_config_pwm_set_pwm_duty_32bit
                0x000047d2       0x2a MorphConfigurations/MorphConfigATmega328-28dip.o
                0x000047d2                morph_config_pwm_set_pwm_duty_32bit
 .text.morph_config_pwm_set_pwm_duty_16bit
                0x000047fc       0x20 MorphConfigurations/MorphConfigATmega328-28dip.o
                0x000047fc                morph_config_pwm_set_pwm_duty_16bit
 .text.morph_config_pwm_set_pwm_duty_8bit
                0x0000481c       0x1a MorphConfigurations/MorphConfigATmega328-28dip.o
                0x0000481c                morph_config_pwm_set_pwm_duty_8bit
 .text.morph_config_adc_get_adc_value
                0x00004836       0x1e MorphConfigurations/MorphConfigATmega328-28dip.o
                0x00004836                morph_config_adc_get_adc_value
 .text.morph_config_adc_get_adc_pin
                0x00004854       0x1e MorphConfigurations/MorphConfigATmega328-28dip.o
                0x00004854                morph_config_adc_get_adc_pin
 .text.morph_config_adc_init_adc
                0x00004872       0x28 MorphConfigurations/MorphConfigATmega328-28dip.o
                0x00004872                morph_config_adc_init_adc
 .text.morph_config_adc_read
                0x0000489a      0x1b0 MorphConfigurations/MorphConfigATmega328-28dip.o
                0x0000489a                morph_config_adc_read
 .text.morph_config_adc_set_resolution
                0x00004a4a       0x1a MorphConfigurations/MorphConfigATmega328-28dip.o
                0x00004a4a                morph_config_adc_set_resolution
 .text.morph_config_adc_set_reference
                0x00004a64       0x9e MorphConfigurations/MorphConfigATmega328-28dip.o
                0x00004a64                morph_config_adc_set_reference
 .text.morph_config_adc_set_prescaler
                0x00004b02      0x128 MorphConfigurations/MorphConfigATmega328-28dip.o
                0x00004b02                morph_config_adc_set_prescaler
 .text.morph_config_adc_get_maximum_value
                0x00004c2a       0x20 MorphConfigurations/MorphConfigATmega328-28dip.o
                0x00004c2a                morph_config_adc_get_maximum_value
 .text.morph_config_init
                0x00004c4a       0x10 MorphConfigurations/MorphConfigATmega328-28dip.o
                0x00004c4a                morph_config_init
 .text.sendBit  0x00004c5a       0x44 ws2812b.o
                0x00004c5a                sendBit
 .text.sendByte
                0x00004c9e       0x4c ws2812b.o
                0x00004c9e                sendByte
 .text.ledsetup
                0x00004cea       0x34 ws2812b.o
                0x00004cea                ledsetup
 .text.sendPixel
                0x00004d1e       0x32 ws2812b.o
                0x00004d1e                sendPixel
 .text.show     0x00004d50       0x18 ws2812b.o
                0x00004d50                show
 .text.avr-libc.fplib
                0x00004d68        0xe c:/program files (x86)/atmel/studio/7.0/toolchain/avr8/avr8-gnu-toolchain/bin/../lib/gcc/avr/5.4.0/../../../../avr/lib/avr5\libm.a(addsf3.o)
                0x00004d68                __subsf3
                0x00004d6a                __addsf3
 .text.avr-libc.fplib
                0x00004d76       0xcc c:/program files (x86)/atmel/studio/7.0/toolchain/avr8/avr8-gnu-toolchain/bin/../lib/gcc/avr/5.4.0/../../../../avr/lib/avr5\libm.a(addsf3x.o)
                0x00004d98                __addsf3x
 .text.avr-libc.fplib
                0x00004e42        0xa c:/program files (x86)/atmel/studio/7.0/toolchain/avr8/avr8-gnu-toolchain/bin/../lib/gcc/avr/5.4.0/../../../../avr/lib/avr5\libm.a(cmpsf2.o)
                0x00004e42                __nesf2
                0x00004e42                __eqsf2
                0x00004e42                __cmpsf2
                0x00004e42                __ltsf2
                0x00004e42                __lesf2
 .text.avr-libc.fplib
                0x00004e4c        0xa c:/program files (x86)/atmel/studio/7.0/toolchain/avr8/avr8-gnu-toolchain/bin/../lib/gcc/avr/5.4.0/../../../../avr/lib/avr5\libm.a(cos.o)
                0x00004e4c                cos
 .text.avr-libc.fplib
                0x00004e56        0x8 c:/program files (x86)/atmel/studio/7.0/toolchain/avr8/avr8-gnu-toolchain/bin/../lib/gcc/avr/5.4.0/../../../../avr/lib/avr5\libm.a(divsf3.o)
                0x00004e56                __divsf3
 .text.avr-libc.fplib
                0x00004e5e       0xdc c:/program files (x86)/atmel/studio/7.0/toolchain/avr8/avr8-gnu-toolchain/bin/../lib/gcc/avr/5.4.0/../../../../avr/lib/avr5\libm.a(divsf3x.o)
                0x00004e7e                __divsf3x
                0x00004e84                __divsf3_pse
 .text.avr-libc.fplib
                0x00004f3a       0x78 c:/program files (x86)/atmel/studio/7.0/toolchain/avr8/avr8-gnu-toolchain/bin/../lib/gcc/avr/5.4.0/../../../../avr/lib/avr5\libm.a(fixsfdi.o)
                0x00004f3a                __fixsfdi
                0x00004f44                __fixunssfdi
 .text.avr-libc.fplib
                0x00004fb2       0x5e c:/program files (x86)/atmel/studio/7.0/toolchain/avr8/avr8-gnu-toolchain/bin/../lib/gcc/avr/5.4.0/../../../../avr/lib/avr5\libm.a(fixunssfsi.o)
                0x00004fb2                __fixunssfsi
 .text.avr-libc.fplib
                0x00005010        0xc c:/program files (x86)/atmel/studio/7.0/toolchain/avr8/avr8-gnu-toolchain/bin/../lib/gcc/avr/5.4.0/../../../../avr/lib/avr5\libm.a(floatdisf.o)
                0x00005010                __floatdisf
 .text.avr-libc.fplib
                0x0000501c       0x7a c:/program files (x86)/atmel/studio/7.0/toolchain/avr8/avr8-gnu-toolchain/bin/../lib/gcc/avr/5.4.0/../../../../avr/lib/avr5\libm.a(floatsisf.o)
                0x0000501c                __floatunsisf
                0x00005020                __floatsisf
 .text.avr-libc.fplib
                0x00005096       0x7c c:/program files (x86)/atmel/studio/7.0/toolchain/avr8/avr8-gnu-toolchain/bin/../lib/gcc/avr/5.4.0/../../../../avr/lib/avr5\libm.a(floatundisf.o)
                0x00005096                __floatundisf
                0x00005098                __fp_di2sf
 .text.avr-libc.fplib
                0x00005112       0x3e c:/program files (x86)/atmel/studio/7.0/toolchain/avr8/avr8-gnu-toolchain/bin/../lib/gcc/avr/5.4.0/../../../../avr/lib/avr5\libm.a(fmax.o)
                0x00005112                fmax
 .text.avr-libc.fplib
                0x00005150       0x3e c:/program files (x86)/atmel/studio/7.0/toolchain/avr8/avr8-gnu-toolchain/bin/../lib/gcc/avr/5.4.0/../../../../avr/lib/avr5\libm.a(fmin.o)
                0x00005150                fmin
 .text.avr-libc.fplib
                0x0000518e       0x48 c:/program files (x86)/atmel/studio/7.0/toolchain/avr8/avr8-gnu-toolchain/bin/../lib/gcc/avr/5.4.0/../../../../avr/lib/avr5\libm.a(fp_cmp.o)
                0x0000518e                __fp_cmp
 .text.avr-libc.fplib
                0x000051d6        0xc c:/program files (x86)/atmel/studio/7.0/toolchain/avr8/avr8-gnu-toolchain/bin/../lib/gcc/avr/5.4.0/../../../../avr/lib/avr5\libm.a(fp_inf.o)
                0x000051d6                __fp_inf
 .text.avr-libc.fplib
                0x000051e2        0x6 c:/program files (x86)/atmel/studio/7.0/toolchain/avr8/avr8-gnu-toolchain/bin/../lib/gcc/avr/5.4.0/../../../../avr/lib/avr5\libm.a(fp_nan.o)
                0x000051e2                __fp_nan
 .text.avr-libc.fplib
                0x000051e8       0x20 c:/program files (x86)/atmel/studio/7.0/toolchain/avr8/avr8-gnu-toolchain/bin/../lib/gcc/avr/5.4.0/../../../../avr/lib/avr5\libm.a(fp_negdi.o)
                0x000051e8                __fp_negdi
 .text.avr-libc.fplib
                0x00005208        0xe c:/program files (x86)/atmel/studio/7.0/toolchain/avr8/avr8-gnu-toolchain/bin/../lib/gcc/avr/5.4.0/../../../../avr/lib/avr5\libm.a(fp_pscA.o)
                0x00005208                __fp_pscA
 .text.avr-libc.fplib
                0x00005216        0xe c:/program files (x86)/atmel/studio/7.0/toolchain/avr8/avr8-gnu-toolchain/bin/../lib/gcc/avr/5.4.0/../../../../avr/lib/avr5\libm.a(fp_pscB.o)
                0x00005216                __fp_pscB
 .text.avr-libc.fplib
                0x00005224       0x56 c:/program files (x86)/atmel/studio/7.0/toolchain/avr8/avr8-gnu-toolchain/bin/../lib/gcc/avr/5.4.0/../../../../avr/lib/avr5\libm.a(fp_rempio2.o)
                0x00005228                __fp_rempio2
 .text.avr-libc.fplib
                0x0000527a       0x22 c:/program files (x86)/atmel/studio/7.0/toolchain/avr8/avr8-gnu-toolchain/bin/../lib/gcc/avr/5.4.0/../../../../avr/lib/avr5\libm.a(fp_round.o)
                0x0000527a                __fp_round
 .text.avr-libc.fplib
                0x0000529c       0x28 c:/program files (x86)/atmel/studio/7.0/toolchain/avr8/avr8-gnu-toolchain/bin/../lib/gcc/avr/5.4.0/../../../../avr/lib/avr5\libm.a(fp_sinus.o)
                0x0000529c                __fp_sinus
 .text.avr-libc.fplib
                0x000052c4       0x44 c:/program files (x86)/atmel/studio/7.0/toolchain/avr8/avr8-gnu-toolchain/bin/../lib/gcc/avr/5.4.0/../../../../avr/lib/avr5\libm.a(fp_split3.o)
                0x000052c4                __fp_split3
                0x000052d4                __fp_splitA
 .text.avr-libc.fplib
                0x00005308        0xe c:/program files (x86)/atmel/studio/7.0/toolchain/avr8/avr8-gnu-toolchain/bin/../lib/gcc/avr/5.4.0/../../../../avr/lib/avr5\libm.a(fp_zero.o)
                0x00005308                __fp_zero
                0x0000530a                __fp_szero
 .text.avr-libc.fplib
                0x00005316        0xa c:/program files (x86)/atmel/studio/7.0/toolchain/avr8/avr8-gnu-toolchain/bin/../lib/gcc/avr/5.4.0/../../../../avr/lib/avr5\libm.a(gesf2.o)
                0x00005316                __gesf2
                0x00005316                __gtsf2
 .text.avr-libc.fplib
                0x00005320        0x8 c:/program files (x86)/atmel/studio/7.0/toolchain/avr8/avr8-gnu-toolchain/bin/../lib/gcc/avr/5.4.0/../../../../avr/lib/avr5\libm.a(mulsf3.o)
                0x00005320                __mulsf3
 .text.avr-libc.fplib
                0x00005328       0xd2 c:/program files (x86)/atmel/studio/7.0/toolchain/avr8/avr8-gnu-toolchain/bin/../lib/gcc/avr/5.4.0/../../../../avr/lib/avr5\libm.a(mulsf3x.o)
                0x00005346                __mulsf3x
                0x0000534c                __mulsf3_pse
 .text.avr-libc.fplib
                0x000053fa       0x1c c:/program files (x86)/atmel/studio/7.0/toolchain/avr8/avr8-gnu-toolchain/bin/../lib/gcc/avr/5.4.0/../../../../avr/lib/avr5\libm.a(fp_mpack.o)
                0x000053fa                __fp_mpack
                0x000053fe                __fp_mpack_finite
 .text.avr-libc.fplib
                0x00005416       0x4e c:/program files (x86)/atmel/studio/7.0/toolchain/avr8/avr8-gnu-toolchain/bin/../lib/gcc/avr/5.4.0/../../../../avr/lib/avr5\libm.a(fp_powser.o)
                0x00005416                __fp_powser
 .text.avr-libc.fplib
                0x00005464       0x28 c:/program files (x86)/atmel/studio/7.0/toolchain/avr8/avr8-gnu-toolchain/bin/../lib/gcc/avr/5.4.0/../../../../avr/lib/avr5\libm.a(fp_powsodd.o)
                0x00005464                __fp_powsodd
 .text.MorphUtils_empty_callback
                0x0000548c       0x10 C:\Users\245845\Projects\lighting-exploration\MorphLibrary\MorphLibrary\Debug\libMorphLibrary.a(MorphADC.o)
 .text.MorphADC_register_get_adc_value_function
                0x0000549c       0x2a C:\Users\245845\Projects\lighting-exploration\MorphLibrary\MorphLibrary\Debug\libMorphLibrary.a(MorphADC.o)
                0x0000549c                MorphADC_register_get_adc_value_function
 .text.MorphADC_register_get_adc_pin_function
                0x000054c6       0x2a C:\Users\245845\Projects\lighting-exploration\MorphLibrary\MorphLibrary\Debug\libMorphLibrary.a(MorphADC.o)
                0x000054c6                MorphADC_register_get_adc_pin_function
 .text.MorphADC_register_init_adc_function
                0x000054f0       0x26 C:\Users\245845\Projects\lighting-exploration\MorphLibrary\MorphLibrary\Debug\libMorphLibrary.a(MorphADC.o)
                0x000054f0                MorphADC_register_init_adc_function
 .text.MorphADC_register_read_function
                0x00005516       0x26 C:\Users\245845\Projects\lighting-exploration\MorphLibrary\MorphLibrary\Debug\libMorphLibrary.a(MorphADC.o)
                0x00005516                MorphADC_register_read_function
 .text.MorphADC_register_set_resolution_function
                0x0000553c       0x26 C:\Users\245845\Projects\lighting-exploration\MorphLibrary\MorphLibrary\Debug\libMorphLibrary.a(MorphADC.o)
                0x0000553c                MorphADC_register_set_resolution_function
 .text.MorphADC_register_set_reference_function
                0x00005562       0x26 C:\Users\245845\Projects\lighting-exploration\MorphLibrary\MorphLibrary\Debug\libMorphLibrary.a(MorphADC.o)
                0x00005562                MorphADC_register_set_reference_function
 .text.MorphADC_register_set_prescaler_function
                0x00005588       0x26 C:\Users\245845\Projects\lighting-exploration\MorphLibrary\MorphLibrary\Debug\libMorphLibrary.a(MorphADC.o)
                0x00005588                MorphADC_register_set_prescaler_function
 .text.MorphADC_register_get_maximum_value
                0x000055ae       0x26 C:\Users\245845\Projects\lighting-exploration\MorphLibrary\MorphLibrary\Debug\libMorphLibrary.a(MorphADC.o)
                0x000055ae                MorphADC_register_get_maximum_value
 .text.MorphADC_init_adc
                0x000055d4       0x24 C:\Users\245845\Projects\lighting-exploration\MorphLibrary\MorphLibrary\Debug\libMorphLibrary.a(MorphADC.o)
                0x000055d4                MorphADC_init_adc
 .text.MorphADC_read
                0x000055f8       0x2a C:\Users\245845\Projects\lighting-exploration\MorphLibrary\MorphLibrary\Debug\libMorphLibrary.a(MorphADC.o)
                0x000055f8                MorphADC_read
 .text.MorphADC_set_resolution
                0x00005622       0x28 C:\Users\245845\Projects\lighting-exploration\MorphLibrary\MorphLibrary\Debug\libMorphLibrary.a(MorphADC.o)
                0x00005622                MorphADC_set_resolution
 .text.MorphADC_set_reference
                0x0000564a       0x32 C:\Users\245845\Projects\lighting-exploration\MorphLibrary\MorphLibrary\Debug\libMorphLibrary.a(MorphADC.o)
                0x0000564a                MorphADC_set_reference
 .text.MorphADC_set_prescaler
                0x0000567c       0x34 C:\Users\245845\Projects\lighting-exploration\MorphLibrary\MorphLibrary\Debug\libMorphLibrary.a(MorphADC.o)
                0x0000567c                MorphADC_set_prescaler
 .text.MorphADC_get_maximum_value
                0x000056b0       0x46 C:\Users\245845\Projects\lighting-exploration\MorphLibrary\MorphLibrary\Debug\libMorphLibrary.a(MorphADC.o)
                0x000056b0                MorphADC_get_maximum_value
 .text.MorphUtils_empty_callback
                0x000056f6       0x10 C:\Users\245845\Projects\lighting-exploration\MorphLibrary\MorphLibrary\Debug\libMorphLibrary.a(MorphGPIO.o)
 .text.MorphGPIO_register_set_pin_value_function
                0x00005706       0x26 C:\Users\245845\Projects\lighting-exploration\MorphLibrary\MorphLibrary\Debug\libMorphLibrary.a(MorphGPIO.o)
                0x00005706                MorphGPIO_register_set_pin_value_function
 .text.MorphGPIO_register_get_pin_value_function
                0x0000572c       0x26 C:\Users\245845\Projects\lighting-exploration\MorphLibrary\MorphLibrary\Debug\libMorphLibrary.a(MorphGPIO.o)
                0x0000572c                MorphGPIO_register_get_pin_value_function
 .text.MorphGPIO_register_set_pin_direction_function
                0x00005752       0x26 C:\Users\245845\Projects\lighting-exploration\MorphLibrary\MorphLibrary\Debug\libMorphLibrary.a(MorphGPIO.o)
                0x00005752                MorphGPIO_register_set_pin_direction_function
 .text.MorphGPIO_register_get_pin_direction_function
                0x00005778       0x26 C:\Users\245845\Projects\lighting-exploration\MorphLibrary\MorphLibrary\Debug\libMorphLibrary.a(MorphGPIO.o)
                0x00005778                MorphGPIO_register_get_pin_direction_function
 .text.MorphGPIO_register_set_pin_pull_state_function
                0x0000579e       0x26 C:\Users\245845\Projects\lighting-exploration\MorphLibrary\MorphLibrary\Debug\libMorphLibrary.a(MorphGPIO.o)
                0x0000579e                MorphGPIO_register_set_pin_pull_state_function
 .text.MorphGPIO_register_get_pin_pull_state_function
                0x000057c4       0x26 C:\Users\245845\Projects\lighting-exploration\MorphLibrary\MorphLibrary\Debug\libMorphLibrary.a(MorphGPIO.o)
                0x000057c4                MorphGPIO_register_get_pin_pull_state_function
 .text.MorphGPIO_set_pin_value
                0x000057ea       0x2a C:\Users\245845\Projects\lighting-exploration\MorphLibrary\MorphLibrary\Debug\libMorphLibrary.a(MorphGPIO.o)
                0x000057ea                MorphGPIO_set_pin_value
 .text.MorphGPIO_get_pin_value
                0x00005814       0x22 C:\Users\245845\Projects\lighting-exploration\MorphLibrary\MorphLibrary\Debug\libMorphLibrary.a(MorphGPIO.o)
                0x00005814                MorphGPIO_get_pin_value
 .text.MorphGPIO_set_pin_direction
                0x00005836       0x2a C:\Users\245845\Projects\lighting-exploration\MorphLibrary\MorphLibrary\Debug\libMorphLibrary.a(MorphGPIO.o)
                0x00005836                MorphGPIO_set_pin_direction
 .text.MorphGPIO_set_pin_pull_state
                0x00005860       0x2a C:\Users\245845\Projects\lighting-exploration\MorphLibrary\MorphLibrary\Debug\libMorphLibrary.a(MorphGPIO.o)
                0x00005860                MorphGPIO_set_pin_pull_state
 .text.MorphUtils_empty_callback
                0x0000588a       0x10 C:\Users\245845\Projects\lighting-exploration\MorphLibrary\MorphLibrary\Debug\libMorphLibrary.a(MorphPWM.o)
 .text.MorphPWM_register_start_pwm
                0x0000589a       0x26 C:\Users\245845\Projects\lighting-exploration\MorphLibrary\MorphLibrary\Debug\libMorphLibrary.a(MorphPWM.o)
                0x0000589a                MorphPWM_register_start_pwm
 .text.MorphPWM_register_stop_pwm
                0x000058c0       0x26 C:\Users\245845\Projects\lighting-exploration\MorphLibrary\MorphLibrary\Debug\libMorphLibrary.a(MorphPWM.o)
                0x000058c0                MorphPWM_register_stop_pwm
 .text.MorphPWM_register_set_pwm_duty_float
                0x000058e6       0x26 C:\Users\245845\Projects\lighting-exploration\MorphLibrary\MorphLibrary\Debug\libMorphLibrary.a(MorphPWM.o)
                0x000058e6                MorphPWM_register_set_pwm_duty_float
 .text.MorphPWM_register_set_pwm_duty_64bit
                0x0000590c       0x26 C:\Users\245845\Projects\lighting-exploration\MorphLibrary\MorphLibrary\Debug\libMorphLibrary.a(MorphPWM.o)
                0x0000590c                MorphPWM_register_set_pwm_duty_64bit
 .text.MorphPWM_register_set_pwm_duty_32bit
                0x00005932       0x26 C:\Users\245845\Projects\lighting-exploration\MorphLibrary\MorphLibrary\Debug\libMorphLibrary.a(MorphPWM.o)
                0x00005932                MorphPWM_register_set_pwm_duty_32bit
 .text.MorphPWM_register_set_pwm_duty_16bit
                0x00005958       0x26 C:\Users\245845\Projects\lighting-exploration\MorphLibrary\MorphLibrary\Debug\libMorphLibrary.a(MorphPWM.o)
                0x00005958                MorphPWM_register_set_pwm_duty_16bit
 .text.MorphPWM_register_set_pwm_duty_8bit
                0x0000597e       0x26 C:\Users\245845\Projects\lighting-exploration\MorphLibrary\MorphLibrary\Debug\libMorphLibrary.a(MorphPWM.o)
                0x0000597e                MorphPWM_register_set_pwm_duty_8bit
 .text.MorphPWM_start_pwm
                0x000059a4       0x24 C:\Users\245845\Projects\lighting-exploration\MorphLibrary\MorphLibrary\Debug\libMorphLibrary.a(MorphPWM.o)
                0x000059a4                MorphPWM_start_pwm
 .text.MorphPWM_set_pwm_duty_float
                0x000059c8       0x44 C:\Users\245845\Projects\lighting-exploration\MorphLibrary\MorphLibrary\Debug\libMorphLibrary.a(MorphPWM.o)
                0x000059c8                MorphPWM_set_pwm_duty_float
 .text.MorphUtils_empty_callback
                0x00005a0c       0x10 C:\Users\245845\Projects\lighting-exploration\MorphLibrary\MorphLibrary\Debug\libMorphLibrary.a(MorphTime.o)
 .text.MorphTime_register_init_function
                0x00005a1c       0x26 C:\Users\245845\Projects\lighting-exploration\MorphLibrary\MorphLibrary\Debug\libMorphLibrary.a(MorphTime.o)
                0x00005a1c                MorphTime_register_init_function
 .text.MorphTime_register_init_rtc_function
                0x00005a42       0x26 C:\Users\245845\Projects\lighting-exploration\MorphLibrary\MorphLibrary\Debug\libMorphLibrary.a(MorphTime.o)
                0x00005a42                MorphTime_register_init_rtc_function
 .text.MorphTime_register_millis_function
                0x00005a68       0x26 C:\Users\245845\Projects\lighting-exploration\MorphLibrary\MorphLibrary\Debug\libMorphLibrary.a(MorphTime.o)
                0x00005a68                MorphTime_register_millis_function
 .text.MorphTime_init
                0x00005a8e       0x2a C:\Users\245845\Projects\lighting-exploration\MorphLibrary\MorphLibrary\Debug\libMorphLibrary.a(MorphTime.o)
                0x00005a8e                MorphTime_init
 .text.MorphTime_millis
                0x00005ab8       0xb2 C:\Users\245845\Projects\lighting-exploration\MorphLibrary\MorphLibrary\Debug\libMorphLibrary.a(MorphTime.o)
                0x00005ab8                MorphTime_millis
 .text.MorphUtils_empty_callback
                0x00005b6a       0x10 C:\Users\245845\Projects\lighting-exploration\MorphLibrary\MorphLibrary\Debug\libMorphLibrary.a(MorphTimer.o)
 .text.MorphTimer_register_acquire_timer_function
                0x00005b7a       0x26 C:\Users\245845\Projects\lighting-exploration\MorphLibrary\MorphLibrary\Debug\libMorphLibrary.a(MorphTimer.o)
                0x00005b7a                MorphTimer_register_acquire_timer_function
 .text.MorphTimer_register_release_timer_function
                0x00005ba0       0x26 C:\Users\245845\Projects\lighting-exploration\MorphLibrary\MorphLibrary\Debug\libMorphLibrary.a(MorphTimer.o)
                0x00005ba0                MorphTimer_register_release_timer_function
 .text.MorphTimer_register_set_rate_function
                0x00005bc6       0x26 C:\Users\245845\Projects\lighting-exploration\MorphLibrary\MorphLibrary\Debug\libMorphLibrary.a(MorphTimer.o)
                0x00005bc6                MorphTimer_register_set_rate_function
 .text.MorphTimer_register_set_timer_callback_function
                0x00005bec       0x26 C:\Users\245845\Projects\lighting-exploration\MorphLibrary\MorphLibrary\Debug\libMorphLibrary.a(MorphTimer.o)
                0x00005bec                MorphTimer_register_set_timer_callback_function
 .text.MorphUtils_empty_callback
                0x00005c12       0x10 C:\Users\245845\Projects\lighting-exploration\MorphLibrary\MorphLibrary\Debug\libMorphLibrary.a(MorphUART.o)
 .text.MorphUART_register_setup_channel_function
                0x00005c22       0x26 C:\Users\245845\Projects\lighting-exploration\MorphLibrary\MorphLibrary\Debug\libMorphLibrary.a(MorphUART.o)
                0x00005c22                MorphUART_register_setup_channel_function
 .text.MorphUART_register_send_data_function
                0x00005c48       0x26 C:\Users\245845\Projects\lighting-exploration\MorphLibrary\MorphLibrary\Debug\libMorphLibrary.a(MorphUART.o)
                0x00005c48                MorphUART_register_send_data_function
 .text.MorphUART_register_read_data_function
                0x00005c6e       0x26 C:\Users\245845\Projects\lighting-exploration\MorphLibrary\MorphLibrary\Debug\libMorphLibrary.a(MorphUART.o)
                0x00005c6e                MorphUART_register_read_data_function
 .text.MorphUART_register_send_byte_function
                0x00005c94       0x26 C:\Users\245845\Projects\lighting-exploration\MorphLibrary\MorphLibrary\Debug\libMorphLibrary.a(MorphUART.o)
                0x00005c94                MorphUART_register_send_byte_function
 .text.MorphUART_register_read_byte_function
                0x00005cba       0x26 C:\Users\245845\Projects\lighting-exploration\MorphLibrary\MorphLibrary\Debug\libMorphLibrary.a(MorphUART.o)
                0x00005cba                MorphUART_register_read_byte_function
 .text.MorphUART_register_write_data_buffer_function
                0x00005ce0       0x26 C:\Users\245845\Projects\lighting-exploration\MorphLibrary\MorphLibrary\Debug\libMorphLibrary.a(MorphUART.o)
                0x00005ce0                MorphUART_register_write_data_buffer_function
 .text.MorphUART_register_write_byte_buffer_function
                0x00005d06       0x26 C:\Users\245845\Projects\lighting-exploration\MorphLibrary\MorphLibrary\Debug\libMorphLibrary.a(MorphUART.o)
                0x00005d06                MorphUART_register_write_byte_buffer_function
 .text.MorphUART_register_read_data_buffer_function
                0x00005d2c       0x26 C:\Users\245845\Projects\lighting-exploration\MorphLibrary\MorphLibrary\Debug\libMorphLibrary.a(MorphUART.o)
                0x00005d2c                MorphUART_register_read_data_buffer_function
 .text.MorphUART_register_read_byte_buffer_function
                0x00005d52       0x26 C:\Users\245845\Projects\lighting-exploration\MorphLibrary\MorphLibrary\Debug\libMorphLibrary.a(MorphUART.o)
                0x00005d52                MorphUART_register_read_byte_buffer_function
 .text.MorphUART_register_data_ready_function
                0x00005d78       0x26 C:\Users\245845\Projects\lighting-exploration\MorphLibrary\MorphLibrary\Debug\libMorphLibrary.a(MorphUART.o)
                0x00005d78                MorphUART_register_data_ready_function
 .text.MorphUART_setup_channel
                0x00005d9e       0x5e C:\Users\245845\Projects\lighting-exploration\MorphLibrary\MorphLibrary\Debug\libMorphLibrary.a(MorphUART.o)
                0x00005d9e                MorphUART_setup_channel
 .text.MorphUART_send_byte
                0x00005dfc       0x2a C:\Users\245845\Projects\lighting-exploration\MorphLibrary\MorphLibrary\Debug\libMorphLibrary.a(MorphUART.o)
                0x00005dfc                MorphUART_send_byte
 .text.MorphUART_write_byte_buffer
                0x00005e26       0x42 C:\Users\245845\Projects\lighting-exploration\MorphLibrary\MorphLibrary\Debug\libMorphLibrary.a(MorphUART.o)
                0x00005e26                MorphUART_write_byte_buffer
 .text.libgcc.div
                0x00005e68       0x28 c:/program files (x86)/atmel/studio/7.0/toolchain/avr8/avr8-gnu-toolchain/bin/../lib/gcc/avr/5.4.0/avr5\libgcc.a(_udivmodhi4.o)
                0x00005e68                __udivmodhi4
 .text.libgcc.div
                0x00005e90       0x28 c:/program files (x86)/atmel/studio/7.0/toolchain/avr8/avr8-gnu-toolchain/bin/../lib/gcc/avr/5.4.0/avr5\libgcc.a(_divmodhi4.o)
                0x00005e90                _div
                0x00005e90                __divmodhi4
 .text.libgcc.div
                0x00005eb8       0x44 c:/program files (x86)/atmel/studio/7.0/toolchain/avr8/avr8-gnu-toolchain/bin/../lib/gcc/avr/5.4.0/avr5\libgcc.a(_udivmodsi4.o)
                0x00005eb8                __udivmodsi4
 .text.libgcc.div
                0x00005efc       0x62 c:/program files (x86)/atmel/studio/7.0/toolchain/avr8/avr8-gnu-toolchain/bin/../lib/gcc/avr/5.4.0/avr5\libgcc.a(_divdi3.o)
                0x00005efc                __moddi3
                0x00005f00                __divdi3
                0x00005f02                __divdi3_moddi3
 .text.libgcc.div
                0x00005f5e       0x1c c:/program files (x86)/atmel/studio/7.0/toolchain/avr8/avr8-gnu-toolchain/bin/../lib/gcc/avr/5.4.0/avr5\libgcc.a(_udivdi3.o)
                0x00005f5e                __umoddi3
                0x00005f62                __udivdi3
                0x00005f64                __udivdi3_umoddi3
 .text.libgcc.div
                0x00005f7a       0xa2 c:/program files (x86)/atmel/studio/7.0/toolchain/avr8/avr8-gnu-toolchain/bin/../lib/gcc/avr/5.4.0/avr5\libgcc.a(_udivmod64.o)
                0x00005f7a                __udivmod64
 .text.libgcc   0x0000601c       0x20 c:/program files (x86)/atmel/studio/7.0/toolchain/avr8/avr8-gnu-toolchain/bin/../lib/gcc/avr/5.4.0/avr5\libgcc.a(_negdi2.o)
                0x0000601c                __negdi2
 .text.libgcc.prologue
                0x0000603c       0x38 c:/program files (x86)/atmel/studio/7.0/toolchain/avr8/avr8-gnu-toolchain/bin/../lib/gcc/avr/5.4.0/avr5\libgcc.a(_prologue.o)
                0x0000603c                __prologue_saves__
 .text.libgcc.prologue
                0x00006074       0x36 c:/program files (x86)/atmel/studio/7.0/toolchain/avr8/avr8-gnu-toolchain/bin/../lib/gcc/avr/5.4.0/avr5\libgcc.a(_epilogue.o)
                0x00006074                __epilogue_restores__
 .text.libgcc.builtins
                0x000060aa       0x32 c:/program files (x86)/atmel/studio/7.0/toolchain/avr8/avr8-gnu-toolchain/bin/../lib/gcc/avr/5.4.0/avr5\libgcc.a(_ashldi3.o)
                0x000060aa                __ashldi3
 .text.libgcc.builtins
                0x000060dc       0x3c c:/program files (x86)/atmel/studio/7.0/toolchain/avr8/avr8-gnu-toolchain/bin/../lib/gcc/avr/5.4.0/avr5\libgcc.a(_ashrdi3.o)
                0x000060dc                __ashrdi3
                0x000060e0                __lshrdi3
 .text.libgcc   0x00006118       0x12 c:/program files (x86)/atmel/studio/7.0/toolchain/avr8/avr8-gnu-toolchain/bin/../lib/gcc/avr/5.4.0/avr5\libgcc.a(_adddi3.o)
                0x00006118                __adddi3
 .text.libgcc   0x0000612a       0x18 c:/program files (x86)/atmel/studio/7.0/toolchain/avr8/avr8-gnu-toolchain/bin/../lib/gcc/avr/5.4.0/avr5\libgcc.a(_adddi3_s8.o)
                0x0000612a                __adddi3_s8
 .text.libgcc   0x00006142       0x12 c:/program files (x86)/atmel/studio/7.0/toolchain/avr8/avr8-gnu-toolchain/bin/../lib/gcc/avr/5.4.0/avr5\libgcc.a(_subdi3.o)
                0x00006142                __subdi3
 .text.libgcc   0x00006154       0x12 c:/program files (x86)/atmel/studio/7.0/toolchain/avr8/avr8-gnu-toolchain/bin/../lib/gcc/avr/5.4.0/avr5\libgcc.a(_cmpdi2.o)
                0x00006154                __cmpdi2
 .text.libgcc   0x00006166       0x18 c:/program files (x86)/atmel/studio/7.0/toolchain/avr8/avr8-gnu-toolchain/bin/../lib/gcc/avr/5.4.0/avr5\libgcc.a(_cmpdi2_s8.o)
                0x00006166                __cmpdi2_s8
 .text.avr-libc
                0x0000617e       0x12 c:/program files (x86)/atmel/studio/7.0/toolchain/avr8/avr8-gnu-toolchain/bin/../lib/gcc/avr/5.4.0/../../../../avr/lib/avr5\libc.a(strlen.o)
                0x0000617e                strlen
 .text.avr-libc
                0x00006190       0x44 c:/program files (x86)/atmel/studio/7.0/toolchain/avr8/avr8-gnu-toolchain/bin/../lib/gcc/avr/5.4.0/../../../../avr/lib/avr5\libc.a(sprintf.o)
                0x00006190                sprintf
 .text.avr-libc
                0x000061d4      0x3c2 c:/program files (x86)/atmel/studio/7.0/toolchain/avr8/avr8-gnu-toolchain/bin/../lib/gcc/avr/5.4.0/../../../../avr/lib/avr5\libc.a(vfprintf_std.o)
                0x000061d4                vfprintf
 .text.avr-libc
                0x00006596       0x16 c:/program files (x86)/atmel/studio/7.0/toolchain/avr8/avr8-gnu-toolchain/bin/../lib/gcc/avr/5.4.0/../../../../avr/lib/avr5\libc.a(strnlen_P.o)
                0x00006596                strnlen_P
 .text.avr-libc
                0x000065ac       0x16 c:/program files (x86)/atmel/studio/7.0/toolchain/avr8/avr8-gnu-toolchain/bin/../lib/gcc/avr/5.4.0/../../../../avr/lib/avr5\libc.a(strnlen.o)
                0x000065ac                strnlen
 .text.avr-libc
                0x000065c2       0x78 c:/program files (x86)/atmel/studio/7.0/toolchain/avr8/avr8-gnu-toolchain/bin/../lib/gcc/avr/5.4.0/../../../../avr/lib/avr5\libc.a(fputc.o)
                0x000065c2                fputc
 .text.avr-libc
                0x0000663a       0xbc c:/program files (x86)/atmel/studio/7.0/toolchain/avr8/avr8-gnu-toolchain/bin/../lib/gcc/avr/5.4.0/../../../../avr/lib/avr5\libc.a(ultoa_invert.o)
                0x0000663a                __ultoa_invert
                0x000066f6                . = ALIGN (0x2)
 *(.fini9)
 .fini9         0x000066f6        0x0 c:/program files (x86)/atmel/studio/7.0/toolchain/avr8/avr8-gnu-toolchain/bin/../lib/gcc/avr/5.4.0/avr5\libgcc.a(_exit.o)
                0x000066f6                _exit
                0x000066f6                exit
 *(.fini9)
 *(.fini8)
 *(.fini8)
 *(.fini7)
 *(.fini7)
 *(.fini6)
 *(.fini6)
 *(.fini5)
 *(.fini5)
 *(.fini4)
 *(.fini4)
 *(.fini3)
 *(.fini3)
 *(.fini2)
 *(.fini2)
 *(.fini1)
 *(.fini1)
 *(.fini0)
 .fini0         0x000066f6        0x4 c:/program files (x86)/atmel/studio/7.0/toolchain/avr8/avr8-gnu-toolchain/bin/../lib/gcc/avr/5.4.0/avr5\libgcc.a(_exit.o)
 *(.fini0)
                0x000066fa                _etext = .

.data           0x00800100      0x214 load address 0x000066fa
                0x00800100                PROVIDE (__data_start, .)
 *(.data)
 *(.data*)
 .data.animation_engine_config
                0x00800100        0xc Element/ElementAnimationEngine.o
 .data.lights_buffer
                0x0080010c       0x1c app_animations.o
                0x0080010c                lights_buffer
 .data.brewProgAnim
                0x00800128        0x2 app_states.o
 .data.brewProgressAnim
                0x0080012a        0x6 app_states.o
 .data.softFlashFunAnim
                0x00800130        0x2 app_states.o
 .data.softFlashAnim
                0x00800132        0x6 app_states.o
 .data.sneakCupFunAnim
                0x00800138        0x2 app_states.o
 .data.sneakCupAnim
                0x0080013a        0x6 app_states.o
 .data.nightLightBlueFunc
                0x00800140        0x2 app_states.o
 .data.nightLightBlueAnim
                0x00800142        0x6 app_states.o
 .data.pin_defs
                0x00800148      0x134 MorphConfigurations/MorphConfigATmega328-28dip.o
                0x00800148                pin_defs
 .data.timer_configs_8_bit
                0x0080027c       0x1c MorphConfigurations/MorphConfigATmega328-28dip.o
                0x0080027c                timer_configs_8_bit
 .data.timer_configs_16_bit
                0x00800298       0x14 MorphConfigurations/MorphConfigATmega328-28dip.o
                0x00800298                timer_configs_16_bit
 .data.timer_prescaler_values
                0x008002ac        0xa MorphConfigurations/MorphConfigATmega328-28dip.o
                0x008002ac                timer_prescaler_values
 .data.adc_configs
                0x008002b6       0x10 MorphConfigurations/MorphConfigATmega328-28dip.o
                0x008002b6                adc_configs
 .data.last_read_mux
                0x008002c6        0x1 MorphConfigurations/MorphConfigATmega328-28dip.o
                0x008002c6                last_read_mux
 .data.morph_get_adc_value_function
                0x008002c7        0x2 C:\Users\245845\Projects\lighting-exploration\MorphLibrary\MorphLibrary\Debug\libMorphLibrary.a(MorphADC.o)
                0x008002c7                morph_get_adc_value_function
 .data.morph_get_adc_pin_function
                0x008002c9        0x2 C:\Users\245845\Projects\lighting-exploration\MorphLibrary\MorphLibrary\Debug\libMorphLibrary.a(MorphADC.o)
                0x008002c9                morph_get_adc_pin_function
 .data.morph_init_adc_function
                0x008002cb        0x2 C:\Users\245845\Projects\lighting-exploration\MorphLibrary\MorphLibrary\Debug\libMorphLibrary.a(MorphADC.o)
                0x008002cb                morph_init_adc_function
 .data.morph_read_function
                0x008002cd        0x2 C:\Users\245845\Projects\lighting-exploration\MorphLibrary\MorphLibrary\Debug\libMorphLibrary.a(MorphADC.o)
                0x008002cd                morph_read_function
 .data.morph_set_resolution_function
                0x008002cf        0x2 C:\Users\245845\Projects\lighting-exploration\MorphLibrary\MorphLibrary\Debug\libMorphLibrary.a(MorphADC.o)
                0x008002cf                morph_set_resolution_function
 .data.morph_set_reference_function
                0x008002d1        0x2 C:\Users\245845\Projects\lighting-exploration\MorphLibrary\MorphLibrary\Debug\libMorphLibrary.a(MorphADC.o)
                0x008002d1                morph_set_reference_function
 .data.morph_set_prescaler_function
                0x008002d3        0x2 C:\Users\245845\Projects\lighting-exploration\MorphLibrary\MorphLibrary\Debug\libMorphLibrary.a(MorphADC.o)
                0x008002d3                morph_set_prescaler_function
 .data.morph_get_maximum_value_function
                0x008002d5        0x2 C:\Users\245845\Projects\lighting-exploration\MorphLibrary\MorphLibrary\Debug\libMorphLibrary.a(MorphADC.o)
                0x008002d5                morph_get_maximum_value_function
 .data.morph_set_pin_value_function
                0x008002d7        0x2 C:\Users\245845\Projects\lighting-exploration\MorphLibrary\MorphLibrary\Debug\libMorphLibrary.a(MorphGPIO.o)
                0x008002d7                morph_set_pin_value_function
 .data.morph_get_pin_value_function
                0x008002d9        0x2 C:\Users\245845\Projects\lighting-exploration\MorphLibrary\MorphLibrary\Debug\libMorphLibrary.a(MorphGPIO.o)
                0x008002d9                morph_get_pin_value_function
 .data.morph_set_pin_direction_function
                0x008002db        0x2 C:\Users\245845\Projects\lighting-exploration\MorphLibrary\MorphLibrary\Debug\libMorphLibrary.a(MorphGPIO.o)
                0x008002db                morph_set_pin_direction_function
 .data.morph_get_pin_direction_function
                0x008002dd        0x2 C:\Users\245845\Projects\lighting-exploration\MorphLibrary\MorphLibrary\Debug\libMorphLibrary.a(MorphGPIO.o)
                0x008002dd                morph_get_pin_direction_function
 .data.morph_set_pin_pull_state_function
                0x008002df        0x2 C:\Users\245845\Projects\lighting-exploration\MorphLibrary\MorphLibrary\Debug\libMorphLibrary.a(MorphGPIO.o)
                0x008002df                morph_set_pin_pull_state_function
 .data.morph_get_pin_pull_state_function
                0x008002e1        0x2 C:\Users\245845\Projects\lighting-exploration\MorphLibrary\MorphLibrary\Debug\libMorphLibrary.a(MorphGPIO.o)
                0x008002e1                morph_get_pin_pull_state_function
 .data.morph_start_pwm_function
                0x008002e3        0x2 C:\Users\245845\Projects\lighting-exploration\MorphLibrary\MorphLibrary\Debug\libMorphLibrary.a(MorphPWM.o)
                0x008002e3                morph_start_pwm_function
 .data.morph_stop_pwm_function
                0x008002e5        0x2 C:\Users\245845\Projects\lighting-exploration\MorphLibrary\MorphLibrary\Debug\libMorphLibrary.a(MorphPWM.o)
                0x008002e5                morph_stop_pwm_function
 .data.morph_set_pwm_duty_float_function
                0x008002e7        0x2 C:\Users\245845\Projects\lighting-exploration\MorphLibrary\MorphLibrary\Debug\libMorphLibrary.a(MorphPWM.o)
                0x008002e7                morph_set_pwm_duty_float_function
 .data.morph_set_pwm_duty_64bit_function
                0x008002e9        0x2 C:\Users\245845\Projects\lighting-exploration\MorphLibrary\MorphLibrary\Debug\libMorphLibrary.a(MorphPWM.o)
                0x008002e9                morph_set_pwm_duty_64bit_function
 .data.morph_set_pwm_duty_32bit_function
                0x008002eb        0x2 C:\Users\245845\Projects\lighting-exploration\MorphLibrary\MorphLibrary\Debug\libMorphLibrary.a(MorphPWM.o)
                0x008002eb                morph_set_pwm_duty_32bit_function
 .data.morph_set_pwm_duty_16bit_function
                0x008002ed        0x2 C:\Users\245845\Projects\lighting-exploration\MorphLibrary\MorphLibrary\Debug\libMorphLibrary.a(MorphPWM.o)
                0x008002ed                morph_set_pwm_duty_16bit_function
 .data.morph_set_pwm_duty_8bit_function
                0x008002ef        0x2 C:\Users\245845\Projects\lighting-exploration\MorphLibrary\MorphLibrary\Debug\libMorphLibrary.a(MorphPWM.o)
                0x008002ef                morph_set_pwm_duty_8bit_function
 .data.morph_init_function
                0x008002f1        0x2 C:\Users\245845\Projects\lighting-exploration\MorphLibrary\MorphLibrary\Debug\libMorphLibrary.a(MorphTime.o)
                0x008002f1                morph_init_function
 .data.morph_init_rtc_function
                0x008002f3        0x2 C:\Users\245845\Projects\lighting-exploration\MorphLibrary\MorphLibrary\Debug\libMorphLibrary.a(MorphTime.o)
                0x008002f3                morph_init_rtc_function
 .data.morph_millis_function
                0x008002f5        0x2 C:\Users\245845\Projects\lighting-exploration\MorphLibrary\MorphLibrary\Debug\libMorphLibrary.a(MorphTime.o)
                0x008002f5                morph_millis_function
 .data.morph_aquire_timer_function
                0x008002f7        0x2 C:\Users\245845\Projects\lighting-exploration\MorphLibrary\MorphLibrary\Debug\libMorphLibrary.a(MorphTimer.o)
                0x008002f7                morph_aquire_timer_function
 .data.morph_release_timer_function
                0x008002f9        0x2 C:\Users\245845\Projects\lighting-exploration\MorphLibrary\MorphLibrary\Debug\libMorphLibrary.a(MorphTimer.o)
                0x008002f9                morph_release_timer_function
 .data.morph_set_timer_rate_function
                0x008002fb        0x2 C:\Users\245845\Projects\lighting-exploration\MorphLibrary\MorphLibrary\Debug\libMorphLibrary.a(MorphTimer.o)
                0x008002fb                morph_set_timer_rate_function
 .data.morph_set_timer_callback_function
                0x008002fd        0x2 C:\Users\245845\Projects\lighting-exploration\MorphLibrary\MorphLibrary\Debug\libMorphLibrary.a(MorphTimer.o)
                0x008002fd                morph_set_timer_callback_function
 .data.morph_setup_channel_function
                0x008002ff        0x2 C:\Users\245845\Projects\lighting-exploration\MorphLibrary\MorphLibrary\Debug\libMorphLibrary.a(MorphUART.o)
                0x008002ff                morph_setup_channel_function
 .data.morph_send_data_function
                0x00800301        0x2 C:\Users\245845\Projects\lighting-exploration\MorphLibrary\MorphLibrary\Debug\libMorphLibrary.a(MorphUART.o)
                0x00800301                morph_send_data_function
 .data.morph_read_data_function
                0x00800303        0x2 C:\Users\245845\Projects\lighting-exploration\MorphLibrary\MorphLibrary\Debug\libMorphLibrary.a(MorphUART.o)
                0x00800303                morph_read_data_function
 .data.morph_send_byte_function
                0x00800305        0x2 C:\Users\245845\Projects\lighting-exploration\MorphLibrary\MorphLibrary\Debug\libMorphLibrary.a(MorphUART.o)
                0x00800305                morph_send_byte_function
 .data.morph_read_byte_function
                0x00800307        0x2 C:\Users\245845\Projects\lighting-exploration\MorphLibrary\MorphLibrary\Debug\libMorphLibrary.a(MorphUART.o)
                0x00800307                morph_read_byte_function
 .data.morph_write_data_buffer_function
                0x00800309        0x2 C:\Users\245845\Projects\lighting-exploration\MorphLibrary\MorphLibrary\Debug\libMorphLibrary.a(MorphUART.o)
                0x00800309                morph_write_data_buffer_function
 .data.morph_write_byte_buffer_function
                0x0080030b        0x2 C:\Users\245845\Projects\lighting-exploration\MorphLibrary\MorphLibrary\Debug\libMorphLibrary.a(MorphUART.o)
                0x0080030b                morph_write_byte_buffer_function
 .data.morph_read_data_buffer_function
                0x0080030d        0x2 C:\Users\245845\Projects\lighting-exploration\MorphLibrary\MorphLibrary\Debug\libMorphLibrary.a(MorphUART.o)
                0x0080030d                morph_read_data_buffer_function
 .data.morph_read_byte_buffer_function
                0x0080030f        0x2 C:\Users\245845\Projects\lighting-exploration\MorphLibrary\MorphLibrary\Debug\libMorphLibrary.a(MorphUART.o)
                0x0080030f                morph_read_byte_buffer_function
 *(.gnu.linkonce.d*)
 *(.rodata)
 .rodata        0x00800311        0x3 main.o
 *(.rodata*)
 *(.gnu.linkonce.r*)
                0x00800314                . = ALIGN (0x2)
                0x00800314                _edata = .
                0x00800314                PROVIDE (__data_end, .)

.bss            0x00800314      0x22b
                0x00800314                PROVIDE (__bss_start, .)
 *(.bss)
 *(.bss*)
 .bss.element_master_direct_button_group
                0x00800314      0x200 Element/ElementDirectButton.o
 .bss.cm_state  0x00800514       0x20 app.o
                0x00800514                cm_state
 .bss.loop_count
                0x00800534        0x1 app_states.o
                0x00800534                loop_count
 *(COMMON)
 COMMON         0x00800535        0x8 MorphConfigurations/MorphConfigATmega328-28dip.o
                0x00800535                millis_ticks
 COMMON         0x0080053d        0x2 C:\Users\245845\Projects\lighting-exploration\MorphLibrary\MorphLibrary\Debug\libMorphLibrary.a(MorphUART.o)
                0x0080053d                morph_data_ready_function
                0x0080053f                PROVIDE (__bss_end, .)
                0x000066fa                __data_load_start = LOADADDR (.data)
                0x0000690e                __data_load_end = (__data_load_start + SIZEOF (.data))

.noinit         0x0080053f        0x0
                [!provide]                PROVIDE (__noinit_start, .)
 *(.noinit*)
                [!provide]                PROVIDE (__noinit_end, .)
                0x0080053f                _end = .
                [!provide]                PROVIDE (__heap_start, .)

.eeprom         0x00810000        0x0
 *(.eeprom*)
                0x00810000                __eeprom_end = .

.fuse
 *(.fuse)
 *(.lfuse)
 *(.hfuse)
 *(.efuse)

.lock
 *(.lock*)

.signature
 *(.signature*)

.user_signatures
 *(.user_signatures*)

.stab
 *(.stab)

.stabstr
 *(.stabstr)

.stab.excl
 *(.stab.excl)

.stab.exclstr
 *(.stab.exclstr)

.stab.index
 *(.stab.index)

.stab.indexstr
 *(.stab.indexstr)

.comment        0x00000000       0x5c
 *(.comment)
 .comment       0x00000000       0x30 Element/ElementAnimationEngine.o
                                 0x31 (size before relaxing)
 .comment       0x00000030       0x31 Element/ElementDirectButton.o
 .comment       0x00000030       0x31 app_animations.o
 .comment       0x00000030       0x31 app.o
 .comment       0x00000030       0x31 app_states.o
 .comment       0x00000030       0x31 main.o
 .comment       0x00000030       0x31 MorphConfigurations/MorphConfigATmega328-28dip.o
 .comment       0x00000030       0x31 ws2812b.o
 .comment       0x00000030       0x31 C:\Users\245845\Projects\lighting-exploration\MorphLibrary\MorphLibrary\Debug\libMorphLibrary.a(MorphADC.o)
 .comment       0x00000030       0x31 C:\Users\245845\Projects\lighting-exploration\MorphLibrary\MorphLibrary\Debug\libMorphLibrary.a(MorphGPIO.o)
 .comment       0x00000030       0x31 C:\Users\245845\Projects\lighting-exploration\MorphLibrary\MorphLibrary\Debug\libMorphLibrary.a(MorphPWM.o)
 .comment       0x00000030       0x31 C:\Users\245845\Projects\lighting-exploration\MorphLibrary\MorphLibrary\Debug\libMorphLibrary.a(MorphTime.o)
 .comment       0x00000030       0x31 C:\Users\245845\Projects\lighting-exploration\MorphLibrary\MorphLibrary\Debug\libMorphLibrary.a(MorphTimer.o)
 .comment       0x00000030       0x31 C:\Users\245845\Projects\lighting-exploration\MorphLibrary\MorphLibrary\Debug\libMorphLibrary.a(MorphUART.o)
 .comment       0x00000030       0x31 c:/program files (x86)/atmel/studio/7.0/toolchain/avr8/avr8-gnu-toolchain/bin/../lib/gcc/avr/5.4.0/../../../../avr/lib/avr5\libc.a(sprintf.o)
 .comment       0x00000030       0x2c c:/program files (x86)/atmel/studio/7.0/toolchain/avr8/avr8-gnu-toolchain/bin/../lib/gcc/avr/5.4.0/../../../../avr/lib/avr5\libc.a(vfprintf_std.o)
                                 0x2d (size before relaxing)
 .comment       0x0000005c       0x31 c:/program files (x86)/atmel/studio/7.0/toolchain/avr8/avr8-gnu-toolchain/bin/../lib/gcc/avr/5.4.0/../../../../avr/lib/avr5\libc.a(fputc.o)

.note.gnu.avr.deviceinfo
                0x00000000       0x40
 .note.gnu.avr.deviceinfo
                0x00000000       0x40 C:/Program Files (x86)/Atmel/Studio/7.0/Packs/Atmel/ATmega_DFP/1.3.300/gcc/dev/atmega328p/avr5/crtatmega328p.o

.note.gnu.build-id
 *(.note.gnu.build-id)

.debug
 *(.debug)

.line
 *(.line)

.debug_srcinfo
 *(.debug_srcinfo)

.debug_sfnames
 *(.debug_sfnames)

.debug_aranges  0x00000000      0x8a8
 *(.debug_aranges)
 .debug_aranges
                0x00000000       0x88 Element/ElementAnimationEngine.o
 .debug_aranges
                0x00000088       0xc0 Element/ElementDirectButton.o
 .debug_aranges
                0x00000148       0x58 app_animations.o
 .debug_aranges
                0x000001a0       0x20 app.o
 .debug_aranges
                0x000001c0       0x68 app_states.o
 .debug_aranges
                0x00000228       0x30 main.o
 .debug_aranges
                0x00000258      0x230 MorphConfigurations/MorphConfigATmega328-28dip.o
 .debug_aranges
                0x00000488       0x40 ws2812b.o
 .debug_aranges
                0x000004c8       0xa0 C:\Users\245845\Projects\lighting-exploration\MorphLibrary\MorphLibrary\Debug\libMorphLibrary.a(MorphADC.o)
 .debug_aranges
                0x00000568       0xb8 C:\Users\245845\Projects\lighting-exploration\MorphLibrary\MorphLibrary\Debug\libMorphLibrary.a(MorphGPIO.o)
 .debug_aranges
                0x00000620       0x90 C:\Users\245845\Projects\lighting-exploration\MorphLibrary\MorphLibrary\Debug\libMorphLibrary.a(MorphPWM.o)
 .debug_aranges
                0x000006b0       0x58 C:\Users\245845\Projects\lighting-exploration\MorphLibrary\MorphLibrary\Debug\libMorphLibrary.a(MorphTime.o)
 .debug_aranges
                0x00000708       0x80 C:\Users\245845\Projects\lighting-exploration\MorphLibrary\MorphLibrary\Debug\libMorphLibrary.a(MorphTimer.o)
 .debug_aranges
                0x00000788      0x120 C:\Users\245845\Projects\lighting-exploration\MorphLibrary\MorphLibrary\Debug\libMorphLibrary.a(MorphUART.o)

.debug_pubnames
 *(.debug_pubnames)

.debug_info     0x00000000     0x9de2
 *(.debug_info .gnu.linkonce.wi.*)
 .debug_info    0x00000000      0x5f4 C:/Program Files (x86)/Atmel/Studio/7.0/Packs/Atmel/ATmega_DFP/1.3.300/gcc/dev/atmega328p/avr5/crtatmega328p.o
 .debug_info    0x000005f4     0x1129 Element/ElementAnimationEngine.o
 .debug_info    0x0000171d     0x1000 Element/ElementDirectButton.o
 .debug_info    0x0000271d     0x11cf app_animations.o
 .debug_info    0x000038ec      0xb5d app.o
 .debug_info    0x00004449     0x10b2 app_states.o
 .debug_info    0x000054fb      0xfb8 main.o
 .debug_info    0x000064b3     0x176c MorphConfigurations/MorphConfigATmega328-28dip.o
 .debug_info    0x00007c1f      0x152 ws2812b.o
 .debug_info    0x00007d71      0x556 C:\Users\245845\Projects\lighting-exploration\MorphLibrary\MorphLibrary\Debug\libMorphLibrary.a(MorphADC.o)
 .debug_info    0x000082c7      0x664 C:\Users\245845\Projects\lighting-exploration\MorphLibrary\MorphLibrary\Debug\libMorphLibrary.a(MorphGPIO.o)
 .debug_info    0x0000892b      0x460 C:\Users\245845\Projects\lighting-exploration\MorphLibrary\MorphLibrary\Debug\libMorphLibrary.a(MorphPWM.o)
 .debug_info    0x00008d8b      0x2a1 C:\Users\245845\Projects\lighting-exploration\MorphLibrary\MorphLibrary\Debug\libMorphLibrary.a(MorphTime.o)
 .debug_info    0x0000902c      0x3eb C:\Users\245845\Projects\lighting-exploration\MorphLibrary\MorphLibrary\Debug\libMorphLibrary.a(MorphTimer.o)
 .debug_info    0x00009417      0x9cb C:\Users\245845\Projects\lighting-exploration\MorphLibrary\MorphLibrary\Debug\libMorphLibrary.a(MorphUART.o)

.debug_abbrev   0x00000000     0x1b59
 *(.debug_abbrev)
 .debug_abbrev  0x00000000      0x5a2 C:/Program Files (x86)/Atmel/Studio/7.0/Packs/Atmel/ATmega_DFP/1.3.300/gcc/dev/atmega328p/avr5/crtatmega328p.o
 .debug_abbrev  0x000005a2      0x20e Element/ElementAnimationEngine.o
 .debug_abbrev  0x000007b0      0x263 Element/ElementDirectButton.o
 .debug_abbrev  0x00000a13      0x1dc app_animations.o
 .debug_abbrev  0x00000bef      0x13a app.o
 .debug_abbrev  0x00000d29      0x1fd app_states.o
 .debug_abbrev  0x00000f26      0x1de main.o
 .debug_abbrev  0x00001104      0x27d MorphConfigurations/MorphConfigATmega328-28dip.o
 .debug_abbrev  0x00001381       0xb9 ws2812b.o
 .debug_abbrev  0x0000143a      0x135 C:\Users\245845\Projects\lighting-exploration\MorphLibrary\MorphLibrary\Debug\libMorphLibrary.a(MorphADC.o)
 .debug_abbrev  0x0000156f      0x184 C:\Users\245845\Projects\lighting-exploration\MorphLibrary\MorphLibrary\Debug\libMorphLibrary.a(MorphGPIO.o)
 .debug_abbrev  0x000016f3       0xc9 C:\Users\245845\Projects\lighting-exploration\MorphLibrary\MorphLibrary\Debug\libMorphLibrary.a(MorphPWM.o)
 .debug_abbrev  0x000017bc      0x164 C:\Users\245845\Projects\lighting-exploration\MorphLibrary\MorphLibrary\Debug\libMorphLibrary.a(MorphTime.o)
 .debug_abbrev  0x00001920       0xf7 C:\Users\245845\Projects\lighting-exploration\MorphLibrary\MorphLibrary\Debug\libMorphLibrary.a(MorphTimer.o)
 .debug_abbrev  0x00001a17      0x142 C:\Users\245845\Projects\lighting-exploration\MorphLibrary\MorphLibrary\Debug\libMorphLibrary.a(MorphUART.o)

.debug_line     0x00000000     0x3fd3
 *(.debug_line .debug_line.* .debug_line_end)
 .debug_line    0x00000000      0x133 C:/Program Files (x86)/Atmel/Studio/7.0/Packs/Atmel/ATmega_DFP/1.3.300/gcc/dev/atmega328p/avr5/crtatmega328p.o
 .debug_line    0x00000133      0x5c0 Element/ElementAnimationEngine.o
 .debug_line    0x000006f3      0x748 Element/ElementDirectButton.o
 .debug_line    0x00000e3b      0x5ef app_animations.o
 .debug_line    0x0000142a      0x128 app.o
 .debug_line    0x00001552      0x419 app_states.o
 .debug_line    0x0000196b      0x375 main.o
 .debug_line    0x00001ce0      0xf35 MorphConfigurations/MorphConfigATmega328-28dip.o
 .debug_line    0x00002c15      0x16c ws2812b.o
 .debug_line    0x00002d81      0x2d8 C:\Users\245845\Projects\lighting-exploration\MorphLibrary\MorphLibrary\Debug\libMorphLibrary.a(MorphADC.o)
 .debug_line    0x00003059      0x3c5 C:\Users\245845\Projects\lighting-exploration\MorphLibrary\MorphLibrary\Debug\libMorphLibrary.a(MorphGPIO.o)
 .debug_line    0x0000341e      0x292 C:\Users\245845\Projects\lighting-exploration\MorphLibrary\MorphLibrary\Debug\libMorphLibrary.a(MorphPWM.o)
 .debug_line    0x000036b0      0x25b C:\Users\245845\Projects\lighting-exploration\MorphLibrary\MorphLibrary\Debug\libMorphLibrary.a(MorphTime.o)
 .debug_line    0x0000390b      0x1f5 C:\Users\245845\Projects\lighting-exploration\MorphLibrary\MorphLibrary\Debug\libMorphLibrary.a(MorphTimer.o)
 .debug_line    0x00003b00      0x4d3 C:\Users\245845\Projects\lighting-exploration\MorphLibrary\MorphLibrary\Debug\libMorphLibrary.a(MorphUART.o)

.debug_frame    0x00000000     0x24b4
 *(.debug_frame)
 .debug_frame   0x00000000      0x350 Element/ElementAnimationEngine.o
 .debug_frame   0x00000350      0x310 Element/ElementDirectButton.o
 .debug_frame   0x00000660      0x204 app_animations.o
 .debug_frame   0x00000864       0x34 app.o
 .debug_frame   0x00000898      0x1cc app_states.o
 .debug_frame   0x00000a64       0x9c main.o
 .debug_frame   0x00000b00      0xa8c MorphConfigurations/MorphConfigATmega328-28dip.o
 .debug_frame   0x0000158c       0xb4 ws2812b.o
 .debug_frame   0x00001640      0x234 C:\Users\245845\Projects\lighting-exploration\MorphLibrary\MorphLibrary\Debug\libMorphLibrary.a(MorphADC.o)
 .debug_frame   0x00001874      0x294 C:\Users\245845\Projects\lighting-exploration\MorphLibrary\MorphLibrary\Debug\libMorphLibrary.a(MorphGPIO.o)
 .debug_frame   0x00001b08      0x228 C:\Users\245845\Projects\lighting-exploration\MorphLibrary\MorphLibrary\Debug\libMorphLibrary.a(MorphPWM.o)
 .debug_frame   0x00001d30      0x13c C:\Users\245845\Projects\lighting-exploration\MorphLibrary\MorphLibrary\Debug\libMorphLibrary.a(MorphTime.o)
 .debug_frame   0x00001e6c      0x1f0 C:\Users\245845\Projects\lighting-exploration\MorphLibrary\MorphLibrary\Debug\libMorphLibrary.a(MorphTimer.o)
 .debug_frame   0x0000205c      0x458 C:\Users\245845\Projects\lighting-exploration\MorphLibrary\MorphLibrary\Debug\libMorphLibrary.a(MorphUART.o)

.debug_str      0x00000000     0x3aec
 *(.debug_str)
 .debug_str     0x00000000      0x208 C:/Program Files (x86)/Atmel/Studio/7.0/Packs/Atmel/ATmega_DFP/1.3.300/gcc/dev/atmega328p/avr5/crtatmega328p.o
 .debug_str     0x00000208     0x10b1 Element/ElementAnimationEngine.o
                               0x11db (size before relaxing)
 .debug_str     0x000012b9      0x46e Element/ElementDirectButton.o
                               0x12ec (size before relaxing)
 .debug_str     0x00001727      0x826 app_animations.o
                               0x1675 (size before relaxing)
 .debug_str     0x00001f4d       0x1b app.o
                                0xf04 (size before relaxing)
 .debug_str     0x00001f68       0x9f app_states.o
                               0x1756 (size before relaxing)
 .debug_str     0x00002007       0xb4 main.o
                               0x15db (size before relaxing)
 .debug_str     0x000020bb      0xd4f MorphConfigurations/MorphConfigATmega328-28dip.o
                               0x10a3 (size before relaxing)
 .debug_str     0x00002e0a       0x3f ws2812b.o
                                0x1ca (size before relaxing)
 .debug_str     0x00002e49      0x200 C:\Users\245845\Projects\lighting-exploration\MorphLibrary\MorphLibrary\Debug\libMorphLibrary.a(MorphADC.o)
                                0x526 (size before relaxing)
 .debug_str     0x00003049      0x288 C:\Users\245845\Projects\lighting-exploration\MorphLibrary\MorphLibrary\Debug\libMorphLibrary.a(MorphGPIO.o)
                                0x777 (size before relaxing)
 .debug_str     0x000032d1      0x190 C:\Users\245845\Projects\lighting-exploration\MorphLibrary\MorphLibrary\Debug\libMorphLibrary.a(MorphPWM.o)
                                0x474 (size before relaxing)
 .debug_str     0x00003461       0x80 C:\Users\245845\Projects\lighting-exploration\MorphLibrary\MorphLibrary\Debug\libMorphLibrary.a(MorphTime.o)
                                0x3d1 (size before relaxing)
 .debug_str     0x000034e1      0x1cb C:\Users\245845\Projects\lighting-exploration\MorphLibrary\MorphLibrary\Debug\libMorphLibrary.a(MorphTimer.o)
                                0x456 (size before relaxing)
 .debug_str     0x000036ac      0x440 C:\Users\245845\Projects\lighting-exploration\MorphLibrary\MorphLibrary\Debug\libMorphLibrary.a(MorphUART.o)
                                0x8c1 (size before relaxing)

.debug_loc      0x00000000     0x4fd3
 *(.debug_loc)
 .debug_loc     0x00000000      0x7ac Element/ElementAnimationEngine.o
 .debug_loc     0x000007ac      0x68c Element/ElementDirectButton.o
 .debug_loc     0x00000e38      0x493 app_animations.o
 .debug_loc     0x000012cb       0x3b app.o
 .debug_loc     0x00001306      0x386 app_states.o
 .debug_loc     0x0000168c      0x126 main.o
 .debug_loc     0x000017b2     0x17b7 MorphConfigurations/MorphConfigATmega328-28dip.o
 .debug_loc     0x00002f69      0x14e ws2812b.o
 .debug_loc     0x000030b7      0x4bb C:\Users\245845\Projects\lighting-exploration\MorphLibrary\MorphLibrary\Debug\libMorphLibrary.a(MorphADC.o)
 .debug_loc     0x00003572      0x579 C:\Users\245845\Projects\lighting-exploration\MorphLibrary\MorphLibrary\Debug\libMorphLibrary.a(MorphGPIO.o)
 .debug_loc     0x00003aeb      0x4ac C:\Users\245845\Projects\lighting-exploration\MorphLibrary\MorphLibrary\Debug\libMorphLibrary.a(MorphPWM.o)
 .debug_loc     0x00003f97      0x280 C:\Users\245845\Projects\lighting-exploration\MorphLibrary\MorphLibrary\Debug\libMorphLibrary.a(MorphTime.o)
 .debug_loc     0x00004217      0x436 C:\Users\245845\Projects\lighting-exploration\MorphLibrary\MorphLibrary\Debug\libMorphLibrary.a(MorphTimer.o)
 .debug_loc     0x0000464d      0x986 C:\Users\245845\Projects\lighting-exploration\MorphLibrary\MorphLibrary\Debug\libMorphLibrary.a(MorphUART.o)

.debug_macinfo
 *(.debug_macinfo)

.debug_weaknames
 *(.debug_weaknames)

.debug_funcnames
 *(.debug_funcnames)

.debug_typenames
 *(.debug_typenames)

.debug_varnames
 *(.debug_varnames)

.debug_pubtypes
 *(.debug_pubtypes)

.debug_ranges   0x00000000      0x7e0
 *(.debug_ranges)
 .debug_ranges  0x00000000       0x78 Element/ElementAnimationEngine.o
 .debug_ranges  0x00000078       0xb0 Element/ElementDirectButton.o
 .debug_ranges  0x00000128       0x48 app_animations.o
 .debug_ranges  0x00000170       0x10 app.o
 .debug_ranges  0x00000180       0x58 app_states.o
 .debug_ranges  0x000001d8       0x20 main.o
 .debug_ranges  0x000001f8      0x238 MorphConfigurations/MorphConfigATmega328-28dip.o
 .debug_ranges  0x00000430       0x30 ws2812b.o
 .debug_ranges  0x00000460       0x90 C:\Users\245845\Projects\lighting-exploration\MorphLibrary\MorphLibrary\Debug\libMorphLibrary.a(MorphADC.o)
 .debug_ranges  0x000004f0       0xa8 C:\Users\245845\Projects\lighting-exploration\MorphLibrary\MorphLibrary\Debug\libMorphLibrary.a(MorphGPIO.o)
 .debug_ranges  0x00000598       0x80 C:\Users\245845\Projects\lighting-exploration\MorphLibrary\MorphLibrary\Debug\libMorphLibrary.a(MorphPWM.o)
 .debug_ranges  0x00000618       0x48 C:\Users\245845\Projects\lighting-exploration\MorphLibrary\MorphLibrary\Debug\libMorphLibrary.a(MorphTime.o)
 .debug_ranges  0x00000660       0x70 C:\Users\245845\Projects\lighting-exploration\MorphLibrary\MorphLibrary\Debug\libMorphLibrary.a(MorphTimer.o)
 .debug_ranges  0x000006d0      0x110 C:\Users\245845\Projects\lighting-exploration\MorphLibrary\MorphLibrary\Debug\libMorphLibrary.a(MorphUART.o)

.debug_macro
 *(.debug_macro)
OUTPUT(CM1060-Lighting.elf elf32-avr)
LOAD linker stubs
